Glacier 0:   0%|                   | 5/5000 samples
Glacier 0:   0%|                  | 10/5000 samples
Glacier 0:   1%|▏                 | 35/5000 samples
Glacier 0:   0%|                  | 25/5000 samples
Glacier 0:   1%|▏                 | 40/5000 samples
Glacier 0:   1%|                  | 30/5000 samples
Glacier 0:   0%|                  | 15/5000 samples
Glacier 0:   1%|▏                 | 45/5000 samples
Glacier 0:   1%|▏                 | 55/5000 samples
Glacier 0:   1%|▏                 | 60/5000 samples
Glacier 0:   1%|▏                 | 50/5000 samples
Glacier 0:   1%|▏                 | 65/5000 samples
Glacier 0:   1%|▎                 | 70/5000 samples
Glacier 0:   2%|▎                 | 75/5000 samples
Glacier 0:   2%|▎                 | 80/5000 samples
Glacier 0:   2%|▎                 | 85/5000 samples
Glacier 0:   2%|▎                 | 90/5000 samples
Glacier 0:   2%|▎                | 100/5000 samples
Glacier 0:   2%|▎                | 110/5000 samples
Glacier 0:   2%|▍                | 115/5000 samples
Glacier 0:   0%|                  | 20/5000 samples
Glacier 0:   3%|▍                | 130/5000 samples
Glacier 0:   3%|▍                | 135/5000 samples
Glacier 0:   3%|▍                | 140/5000 samples
Glacier 0:   2%|▍                | 125/5000 samples
Glacier 0:   3%|▍                | 145/5000 samples
Glacier 0:   3%|▌                | 150/5000 samples
Glacier 0:   3%|▌                | 160/5000 samples
Glacier 0:   3%|▌                | 165/5000 samples
Glacier 0:   2%|▍                | 120/5000 samples
Glacier 0:   3%|▌                | 170/5000 samples
Glacier 0:   3%|▌                | 155/5000 samples
Glacier 0:   2%|▎                | 105/5000 samples
Glacier 0:   4%|▌                | 175/5000 samples
Glacier 0:   4%|▌                | 180/5000 samples
Glacier 0:   4%|▋                | 185/5000 samples
Glacier 0:   4%|▋                | 190/5000 samples
Glacier 0:   4%|▋                | 195/5000 samples
Glacier 0:   2%|▎                 | 95/5000 samples
Glacier 0:   4%|▋                | 200/5000 samples
Glacier 0:   4%|▋                | 210/5000 samples
Glacier 0:   4%|▋                | 215/5000 samples
Glacier 0:   4%|▋                | 205/5000 samples
Glacier 0:   5%|▊                | 235/5000 samples
Glacier 0:   5%|▊                | 240/5000 samples
Glacier 0:   5%|▊                | 245/5000 samples
Glacier 0:   5%|▊                | 250/5000 samples
Glacier 0:   5%|▊                | 255/5000 samples
Glacier 0:   5%|▉                | 260/5000 samples
Glacier 0:   5%|▉                | 265/5000 samples
Glacier 0:   5%|▉                | 270/5000 samples
Glacier 0:   6%|▉                | 275/5000 samples
Glacier 0:   4%|▋                | 220/5000 samples
Glacier 0:   6%|▉                | 280/5000 samples
Glacier 0:   6%|█                | 300/5000 samples
Glacier 0:   6%|█                | 295/5000 samples
Glacier 0:   6%|▉                | 285/5000 samples
Glacier 0:   6%|▉                | 290/5000 samples
Glacier 0:   6%|█                | 325/5000 samples
Glacier 0:   4%|▊                | 225/5000 samples
Glacier 0:   5%|▊                | 230/5000 samples
Glacier 0:   6%|█                | 320/5000 samples
Glacier 0:   7%|█                | 330/5000 samples
Glacier 0:   7%|█▏               | 335/5000 samples
Glacier 0:   7%|█▏               | 340/5000 samples
Glacier 0:   7%|█▏               | 345/5000 samples
Glacier 0:   6%|█                | 305/5000 samples
Glacier 0:   7%|█▏               | 355/5000 samples
Glacier 0:   7%|█▏               | 360/5000 samples
Glacier 0:   7%|█▏               | 365/5000 samples
Glacier 0:   7%|█▎               | 370/5000 samples
Glacier 0:   6%|█                | 310/5000 samples
Glacier 0:   8%|█▎               | 385/5000 samples
Glacier 0:   8%|█▎               | 390/5000 samples
Glacier 0:   8%|█▎               | 395/5000 samples
Glacier 0:   8%|█▎               | 400/5000 samples
Glacier 0:   7%|█▏               | 350/5000 samples
Glacier 0:   8%|█▎               | 380/5000 samples
Glacier 0:   8%|█▍               | 415/5000 samples
Glacier 0:   8%|█▍               | 410/5000 samples
Glacier 0:   8%|█▍               | 425/5000 samples
Glacier 0:   8%|█▎               | 375/5000 samples
Glacier 0:   8%|█▍               | 405/5000 samples
Glacier 0:   8%|█▍               | 420/5000 samples
Glacier 0:   9%|█▍               | 430/5000 samples
Glacier 0:   9%|█▍               | 435/5000 samples
Glacier 0:   6%|█                | 315/5000 samples
Glacier 0:   9%|█▌               | 445/5000 samples
Glacier 0:   9%|█▌               | 460/5000 samples
Glacier 0:   9%|█▌               | 465/5000 samples
Glacier 0:   9%|█▌               | 450/5000 samples
Glacier 0:  10%|█▌               | 475/5000 samples
Glacier 0:  10%|█▋               | 480/5000 samples
Glacier 0:   9%|█▌               | 455/5000 samples
Glacier 0:  10%|█▋               | 490/5000 samples
Glacier 0:  10%|█▋               | 495/5000 samples
Glacier 0:  10%|█▋               | 500/5000 samples
Glacier 0:  10%|█▋               | 505/5000 samples
Glacier 0:   9%|█▌               | 470/5000 samples
Glacier 0:  10%|█▋               | 510/5000 samples
Glacier 0:   9%|█▍               | 440/5000 samples
Glacier 0:  10%|█▋               | 485/5000 samples
Glacier 0:  11%|█▊               | 530/5000 samples
Glacier 0:  11%|█▊               | 540/5000 samples
Glacier 0:  11%|█▊               | 535/5000 samples
Glacier 0:  11%|█▊               | 545/5000 samples
Glacier 0:  11%|█▉               | 555/5000 samples
Glacier 0:  11%|█▉               | 560/5000 samples
Glacier 0:  11%|█▉               | 565/5000 samples
Glacier 0:  11%|█▉               | 570/5000 samples
Glacier 0:  10%|█▊               | 525/5000 samples
Glacier 0:  10%|█▊               | 515/5000 samples
Glacier 0:  12%|█▉               | 580/5000 samples
Glacier 0:  12%|█▉               | 585/5000 samples
Glacier 0:  12%|██               | 595/5000 samples
Glacier 0:  12%|██               | 600/5000 samples
Glacier 0:  11%|█▊               | 550/5000 samples
Glacier 0:  12%|██               | 610/5000 samples
Glacier 0:  12%|█▉               | 575/5000 samples
Glacier 0:  12%|██               | 615/5000 samples
Glacier 0:  13%|██▏              | 630/5000 samples
Glacier 0:  10%|█▊               | 520/5000 samples
Glacier 0:  13%|██▏              | 635/5000 samples
Glacier 0:  13%|██▏              | 640/5000 samples
Glacier 0:  12%|██▏              | 625/5000 samples
Glacier 0:  13%|██▏              | 645/5000 samples
Glacier 0:  12%|██               | 620/5000 samples
Glacier 0:  13%|██▏              | 650/5000 samples
Glacier 0:  12%|██               | 605/5000 samples
Glacier 0:  13%|██▏              | 655/5000 samples
Glacier 0:  13%|██▏              | 660/5000 samples
Glacier 0:  13%|██▎              | 665/5000 samples
Glacier 0:  12%|██               | 590/5000 samples
Glacier 0:  13%|██▎              | 670/5000 samples
Glacier 0:  14%|██▎              | 680/5000 samples
Glacier 0:  14%|██▎              | 675/5000 samples
Glacier 0:  14%|██▎              | 690/5000 samples
Glacier 0:  14%|██▎              | 685/5000 samples
Glacier 0:  14%|██▎              | 695/5000 samples
Glacier 0:  14%|██▍              | 700/5000 samples
Glacier 0:  14%|██▍              | 705/5000 samples
Glacier 0:  14%|██▍              | 710/5000 samples
Glacier 0:  14%|██▍              | 720/5000 samples
Glacier 0:  14%|██▍              | 725/5000 samples
Glacier 0:  15%|██▍              | 730/5000 samples
Glacier 0:  15%|██▌              | 740/5000 samples
Glacier 0:  15%|██▌              | 745/5000 samples
Glacier 0:  15%|██▌              | 750/5000 samples
Glacier 0:  15%|██▌              | 760/5000 samples
Glacier 0:  15%|██▌              | 765/5000 samples
Glacier 0:  14%|██▍              | 715/5000 samples
Glacier 0:  16%|██▋              | 780/5000 samples
Glacier 0:  16%|██▋              | 775/5000 samples
Glacier 0:  16%|██▋              | 785/5000 samples
Glacier 0:  16%|██▋              | 790/5000 samples
Glacier 0:  16%|██▋              | 805/5000 samples
Glacier 0:  16%|██▋              | 800/5000 samples
Glacier 0:  16%|██▊              | 810/5000 samples
Glacier 0:  16%|██▊              | 815/5000 samples
Glacier 0:  15%|██▌              | 770/5000 samples
Glacier 0:  16%|██▊              | 825/5000 samples
Glacier 0:  17%|██▊              | 830/5000 samples
Glacier 0:  17%|██▊              | 835/5000 samples
Glacier 0:  15%|██▍              | 735/5000 samples
Glacier 0:  17%|██▊              | 845/5000 samples
Glacier 0:  17%|██▊              | 840/5000 samples
Glacier 0:  17%|██▉              | 850/5000 samples
Glacier 0:  15%|██▌              | 755/5000 samples
Glacier 0:  17%|██▉              | 855/5000 samples
Glacier 0:  17%|██▉              | 865/5000 samples
Glacier 0:  16%|██▋              | 795/5000 samples
Glacier 0:  17%|██▉              | 870/5000 samples
Glacier 0:  18%|██▉              | 875/5000 samples
Glacier 0:  17%|██▉              | 860/5000 samples
Glacier 0:  18%|██▉              | 880/5000 samples
Glacier 0:  18%|███              | 890/5000 samples
Glacier 0:  18%|███              | 885/5000 samples
Glacier 0:  16%|██▊              | 820/5000 samples
Glacier 0:  18%|███              | 895/5000 samples
Glacier 0:  18%|███              | 905/5000 samples
Glacier 0:  18%|███              | 900/5000 samples
Glacier 0:  18%|███              | 910/5000 samples
Glacier 0:  18%|███              | 915/5000 samples
Glacier 0:  18%|███▏             | 925/5000 samples
Glacier 0:  19%|███▏             | 940/5000 samples
Glacier 0:  19%|███▏             | 945/5000 samples
Glacier 0:  18%|███▏             | 920/5000 samples
Glacier 0:  19%|███▏             | 950/5000 samples
Glacier 0:  19%|███▏             | 955/5000 samples
Glacier 0:  19%|███▎             | 960/5000 samples
Glacier 0:  19%|███▎             | 965/5000 samples
Glacier 0:  19%|███▏             | 930/5000 samples
Glacier 0:  20%|███▎             | 975/5000 samples
Glacier 0:  20%|███▎             | 980/5000 samples
Glacier 0:  20%|███▎             | 990/5000 samples
Glacier 0:  20%|███▍             | 995/5000 samples
Glacier 0:  20%|███▏            | 1000/5000 samples
Glacier 0:  19%|███▏             | 935/5000 samples
Glacier 0:  20%|███▏            | 1010/5000 samples
Glacier 0:  20%|███▎             | 985/5000 samples
Glacier 0:  20%|███▏            | 1015/5000 samples
Glacier 0:  19%|███▎             | 970/5000 samples
Glacier 0:  20%|███▎            | 1020/5000 samples
Glacier 0:  21%|███▎            | 1030/5000 samples
Glacier 0:  21%|███▎            | 1035/5000 samples
Glacier 0:  21%|███▎            | 1040/5000 samples
Glacier 0:  20%|███▎            | 1025/5000 samples
Glacier 0:  21%|███▎            | 1050/5000 samples
Glacier 0:  21%|███▍            | 1055/5000 samples
Glacier 0:  20%|███▏            | 1005/5000 samples
Glacier 0:  22%|███▍            | 1080/5000 samples
Glacier 0:  22%|███▍            | 1085/5000 samples
Glacier 0:  22%|███▍            | 1090/5000 samples
Glacier 0:  22%|███▌            | 1100/5000 samples
Glacier 0:  22%|███▍            | 1075/5000 samples
Glacier 0:  22%|███▌            | 1105/5000 samples
Glacier 0:  22%|███▌            | 1110/5000 samples
Glacier 0:  21%|███▍            | 1060/5000 samples
Glacier 0:  21%|███▎            | 1045/5000 samples
Glacier 0:  22%|███▌            | 1120/5000 samples
Glacier 0:  23%|███▌            | 1130/5000 samples
Glacier 0:  22%|███▌            | 1125/5000 samples
Glacier 0:  23%|███▋            | 1135/5000 samples
Glacier 0:  21%|███▍            | 1070/5000 samples
Glacier 0:  21%|███▍            | 1065/5000 samples
Glacier 0:  23%|███▋            | 1145/5000 samples
Glacier 0:  23%|███▋            | 1140/5000 samples
Glacier 0:  23%|███▋            | 1155/5000 samples
Glacier 0:  23%|███▋            | 1160/5000 samples
Glacier 0:  22%|███▌            | 1095/5000 samples
Glacier 0:  23%|███▋            | 1165/5000 samples
Glacier 0:  24%|███▊            | 1175/5000 samples
Glacier 0:  24%|███▊            | 1180/5000 samples
Glacier 0:  24%|███▊            | 1185/5000 samples
Glacier 0:  22%|███▌            | 1115/5000 samples
Glacier 0:  23%|███▋            | 1170/5000 samples
Glacier 0:  24%|███▊            | 1190/5000 samples
Glacier 0:  24%|███▊            | 1195/5000 samples
Glacier 0:  24%|███▊            | 1205/5000 samples
Glacier 0:  24%|███▊            | 1210/5000 samples
Glacier 0:  23%|███▋            | 1150/5000 samples
Glacier 0:  24%|███▉            | 1215/5000 samples
Glacier 0:  24%|███▉            | 1220/5000 samples
Glacier 0:  24%|███▉            | 1225/5000 samples
Glacier 0:  25%|███▉            | 1230/5000 samples
Glacier 0:  25%|███▉            | 1235/5000 samples
Glacier 0:  25%|███▉            | 1245/5000 samples
Glacier 0:  25%|████            | 1255/5000 samples
Glacier 0:  25%|████            | 1260/5000 samples
Glacier 0:  24%|███▊            | 1200/5000 samples
Glacier 0:  25%|████            | 1270/5000 samples
Glacier 0:  26%|████            | 1280/5000 samples
Glacier 0:  25%|███▉            | 1240/5000 samples
Glacier 0:  26%|████            | 1285/5000 samples
Glacier 0:  25%|████            | 1265/5000 samples
Glacier 0:  25%|████            | 1250/5000 samples
Glacier 0:  26%|████▏           | 1295/5000 samples
Glacier 0:  26%|████            | 1275/5000 samples
Glacier 0:  26%|████▏           | 1300/5000 samples
Glacier 0:  26%|████▏           | 1310/5000 samples
Glacier 0:  26%|████▏           | 1320/5000 samples
Glacier 0:  26%|████▏           | 1325/5000 samples
Glacier 0:  27%|████▎           | 1335/5000 samples
Glacier 0:  26%|████▏           | 1290/5000 samples
Glacier 0:  27%|████▎           | 1345/5000 samples
Glacier 0:  26%|████▏           | 1305/5000 samples
Glacier 0:  27%|████▎           | 1355/5000 samples
Glacier 0:  27%|████▎           | 1360/5000 samples
Glacier 0:  26%|████▏           | 1315/5000 samples
Glacier 0:  27%|████▎           | 1340/5000 samples
Glacier 0:  27%|████▎           | 1350/5000 samples
Glacier 0:  27%|████▍           | 1370/5000 samples
Glacier 0:  27%|████▎           | 1365/5000 samples
Glacier 0:  27%|████▎           | 1330/5000 samples
Glacier 0:  28%|████▍           | 1380/5000 samples
Glacier 0:  28%|████▍           | 1375/5000 samples
Glacier 0:  28%|████▍           | 1385/5000 samples
Glacier 0:  28%|████▍           | 1390/5000 samples
Glacier 0:  28%|████▍           | 1395/5000 samples
Glacier 0:  28%|████▍           | 1400/5000 samples
Glacier 0:  28%|████▍           | 1405/5000 samples
Glacier 0:  28%|████▌           | 1415/5000 samples
Glacier 0:  28%|████▌           | 1420/5000 samples
Glacier 0:  28%|████▌           | 1425/5000 samples
Glacier 0:  29%|████▌           | 1430/5000 samples
Glacier 0:  28%|████▌           | 1410/5000 samples
Glacier 0:  29%|████▌           | 1435/5000 samples
Glacier 0:  29%|████▌           | 1440/5000 samples
Glacier 0:  29%|████▌           | 1445/5000 samples
Glacier 0:  29%|████▋           | 1455/5000 samples
Glacier 0:  29%|████▋           | 1450/5000 samples
Glacier 0:  29%|████▋           | 1460/5000 samples
Glacier 0:  29%|████▋           | 1465/5000 samples
Glacier 0:  29%|████▋           | 1470/5000 samples
Glacier 0:  30%|████▋           | 1480/5000 samples
Glacier 0:  30%|████▊           | 1490/5000 samples
Glacier 0:  30%|████▊           | 1500/5000 samples
Glacier 0:  30%|████▊           | 1495/5000 samples
Glacier 0:  30%|████▊           | 1505/5000 samples
Glacier 0:  30%|████▊           | 1510/5000 samples
Glacier 0:  30%|████▊           | 1520/5000 samples
Glacier 0:  31%|████▉           | 1535/5000 samples
Glacier 0:  31%|████▉           | 1540/5000 samples
Glacier 0:  31%|████▉           | 1545/5000 samples
Glacier 0:  31%|████▉           | 1555/5000 samples
Glacier 0:  31%|████▉           | 1530/5000 samples
Glacier 0:  31%|█████           | 1565/5000 samples
Glacier 0:  30%|████▊           | 1485/5000 samples
Glacier 0:  30%|████▊           | 1515/5000 samples
Glacier 0:  32%|█████           | 1580/5000 samples
Glacier 0:  31%|████▉           | 1550/5000 samples
Glacier 0:  32%|█████           | 1585/5000 samples
Glacier 0:  30%|████▉           | 1525/5000 samples
Glacier 0:  31%|████▉           | 1560/5000 samples
Glacier 0:  32%|█████           | 1595/5000 samples
Glacier 0:  32%|█████           | 1600/5000 samples
Glacier 0:  30%|████▋           | 1475/5000 samples
Glacier 0:  32%|█████▏          | 1605/5000 samples
Glacier 0:  32%|█████▏          | 1610/5000 samples
Glacier 0:  32%|█████▏          | 1620/5000 samples
Glacier 0:  32%|█████▏          | 1625/5000 samples
Glacier 0:  32%|█████▏          | 1615/5000 samples
Glacier 0:  32%|█████           | 1590/5000 samples
Glacier 0:  33%|█████▏          | 1635/5000 samples
Glacier 0:  33%|█████▏          | 1640/5000 samples
Glacier 0:  33%|█████▎          | 1645/5000 samples
Glacier 0:  32%|█████           | 1575/5000 samples
Glacier 0:  33%|█████▏          | 1630/5000 samples
Glacier 0:  33%|█████▎          | 1650/5000 samples
Glacier 0:  33%|█████▎          | 1660/5000 samples
Glacier 0:  31%|█████           | 1570/5000 samples
Glacier 0:  34%|█████▎          | 1675/5000 samples
Glacier 0:  33%|█████▎          | 1670/5000 samples
Glacier 0:  34%|█████▍          | 1680/5000 samples
Glacier 0:  33%|█████▎          | 1655/5000 samples
Glacier 0:  34%|█████▍          | 1685/5000 samples
Glacier 0:  34%|█████▍          | 1690/5000 samples
Glacier 0:  34%|█████▍          | 1695/5000 samples
Glacier 0:  34%|█████▍          | 1705/5000 samples
Glacier 0:  34%|█████▍          | 1715/5000 samples
Glacier 0:  34%|█████▌          | 1720/5000 samples
Glacier 0:  33%|█████▎          | 1665/5000 samples
Glacier 0:  34%|█████▌          | 1725/5000 samples
Glacier 0:  35%|█████▌          | 1735/5000 samples
Glacier 0:  35%|█████▌          | 1745/5000 samples
Glacier 0:  35%|█████▌          | 1750/5000 samples
Glacier 0:  35%|█████▌          | 1730/5000 samples
Glacier 0:  34%|█████▍          | 1710/5000 samples
Glacier 0:  35%|█████▋          | 1760/5000 samples
Glacier 0:  35%|█████▋          | 1765/5000 samples
Glacier 0:  35%|█████▋          | 1770/5000 samples
Glacier 0:  36%|█████▋          | 1775/5000 samples
Glacier 0:  36%|█████▋          | 1780/5000 samples
Glacier 0:  36%|█████▋          | 1790/5000 samples
Glacier 0:  35%|█████▌          | 1740/5000 samples
Glacier 0:  34%|█████▍          | 1700/5000 samples
Glacier 0:  36%|█████▋          | 1785/5000 samples
Glacier 0:  36%|█████▊          | 1800/5000 samples
Glacier 0:  36%|█████▊          | 1805/5000 samples
Glacier 0:  36%|█████▊          | 1810/5000 samples
Glacier 0:  36%|█████▊          | 1815/5000 samples
Glacier 0:  36%|█████▊          | 1820/5000 samples
Glacier 0:  36%|█████▊          | 1825/5000 samples
Glacier 0:  37%|█████▊          | 1830/5000 samples
Glacier 0:  37%|█████▊          | 1835/5000 samples
Glacier 0:  35%|█████▌          | 1755/5000 samples
Glacier 0:  37%|█████▉          | 1845/5000 samples
Glacier 0:  37%|█████▉          | 1850/5000 samples
Glacier 0:  37%|█████▉          | 1855/5000 samples
Glacier 0:  37%|█████▉          | 1865/5000 samples
Glacier 0:  36%|█████▋          | 1795/5000 samples
Glacier 0:  37%|█████▉          | 1870/5000 samples
Glacier 0:  37%|█████▉          | 1860/5000 samples
Glacier 0:  37%|█████▉          | 1840/5000 samples
Glacier 0:  38%|██████          | 1875/5000 samples
Glacier 0:  38%|██████          | 1885/5000 samples
Glacier 0:  38%|██████          | 1880/5000 samples
Glacier 0:  38%|██████          | 1890/5000 samples
Glacier 0:  38%|██████          | 1895/5000 samples
Glacier 0:  38%|██████          | 1910/5000 samples
Glacier 0:  38%|██████▏         | 1920/5000 samples
Glacier 0:  39%|██████▏         | 1930/5000 samples
Glacier 0:  39%|██████▏         | 1935/5000 samples
Glacier 0:  39%|██████▏         | 1940/5000 samples
Glacier 0:  38%|██████▏         | 1915/5000 samples
Glacier 0:  39%|██████▏         | 1950/5000 samples
Glacier 0:  38%|██████▏         | 1925/5000 samples
Glacier 0:  38%|██████          | 1905/5000 samples
Glacier 0:  39%|██████▎         | 1965/5000 samples
Glacier 0:  38%|██████          | 1900/5000 samples
Glacier 0:  39%|██████▎         | 1970/5000 samples
Glacier 0:  40%|██████▎         | 1975/5000 samples
Glacier 0:  39%|██████▏         | 1945/5000 samples
Glacier 0:  40%|██████▎         | 1985/5000 samples
Glacier 0:  40%|██████▎         | 1980/5000 samples
Glacier 0:  40%|██████▎         | 1990/5000 samples
Glacier 0:  40%|██████▍         | 1995/5000 samples
Glacier 0:  40%|██████▍         | 2005/5000 samples
Glacier 0:  39%|██████▎         | 1955/5000 samples
Glacier 0:  40%|██████▍         | 2010/5000 samples
Glacier 0:  39%|██████▎         | 1960/5000 samples
Glacier 0:  40%|██████▍         | 2015/5000 samples
Glacier 0:  40%|██████▍         | 2020/5000 samples
Glacier 0:  41%|██████▍         | 2030/5000 samples
Glacier 0:  40%|██████▍         | 2025/5000 samples
Glacier 0:  41%|██████▌         | 2035/5000 samples
Glacier 0:  41%|██████▌         | 2040/5000 samples
Glacier 0:  41%|██████▌         | 2045/5000 samples
Glacier 0:  41%|██████▌         | 2050/5000 samples
Glacier 0:  40%|██████▍         | 2000/5000 samples
Glacier 0:  41%|██████▌         | 2055/5000 samples
Glacier 0:  41%|██████▌         | 2060/5000 samples
Glacier 0:  42%|██████▋         | 2075/5000 samples
Glacier 0:  41%|██████▌         | 2070/5000 samples
Glacier 0:  42%|██████▋         | 2080/5000 samples
Glacier 0:  42%|██████▋         | 2085/5000 samples
Glacier 0:  42%|██████▋         | 2090/5000 samples
Glacier 0:  42%|██████▋         | 2095/5000 samples
Glacier 0:  42%|██████▋         | 2100/5000 samples
Glacier 0:  42%|██████▋         | 2105/5000 samples
Glacier 0:  42%|██████▊         | 2110/5000 samples
Glacier 0:  42%|██████▊         | 2115/5000 samples
Glacier 0:  42%|██████▊         | 2120/5000 samples
Glacier 0:  41%|██████▌         | 2065/5000 samples
Glacier 0:  43%|██████▊         | 2130/5000 samples
Glacier 0:  43%|██████▉         | 2150/5000 samples
Glacier 0:  43%|██████▉         | 2160/5000 samples
Glacier 0:  43%|██████▊         | 2145/5000 samples
Glacier 0:  43%|██████▉         | 2165/5000 samples
Glacier 0:  43%|██████▉         | 2170/5000 samples
Glacier 0:  44%|██████▉         | 2185/5000 samples
Glacier 0:  43%|██████▊         | 2140/5000 samples
Glacier 0:  44%|███████         | 2195/5000 samples
Glacier 0:  43%|██████▊         | 2135/5000 samples
Glacier 0:  44%|███████         | 2200/5000 samples
Glacier 0:  44%|███████         | 2190/5000 samples
Glacier 0:  43%|██████▉         | 2155/5000 samples
Glacier 0:  44%|██████▉         | 2175/5000 samples
Glacier 0:  42%|██████▊         | 2125/5000 samples
Glacier 0:  44%|██████▉         | 2180/5000 samples
Glacier 0:  44%|███████         | 2215/5000 samples
Glacier 0:  44%|███████         | 2225/5000 samples
Glacier 0:  44%|███████         | 2220/5000 samples
Glacier 0:  45%|███████▏        | 2240/5000 samples
Glacier 0:  44%|███████         | 2205/5000 samples
Glacier 0:  45%|███████▏        | 2245/5000 samples
Glacier 0:  45%|███████▏        | 2250/5000 samples
Glacier 0:  44%|███████         | 2210/5000 samples
Glacier 0:  45%|███████▏        | 2255/5000 samples
Glacier 0:  45%|███████▏        | 2265/5000 samples
Glacier 0:  45%|███████▏        | 2235/5000 samples
Glacier 0:  45%|███████▎        | 2270/5000 samples
Glacier 0:  45%|███████▏        | 2260/5000 samples
Glacier 0:  46%|███████▎        | 2280/5000 samples
Glacier 0:  46%|███████▎        | 2275/5000 samples
Glacier 0:  46%|███████▎        | 2285/5000 samples
Glacier 0:  46%|███████▎        | 2290/5000 samples
Glacier 0:  46%|███████▎        | 2300/5000 samples
Glacier 0:  46%|███████▎        | 2295/5000 samples
Glacier 0:  46%|███████▍        | 2310/5000 samples
Glacier 0:  45%|███████▏        | 2230/5000 samples
Glacier 0:  46%|███████▍        | 2325/5000 samples
Glacier 0:  46%|███████▍        | 2320/5000 samples
Glacier 0:  47%|███████▍        | 2340/5000 samples
Glacier 0:  46%|███████▍        | 2305/5000 samples
Glacier 0:  47%|███████▌        | 2345/5000 samples
Glacier 0:  47%|███████▌        | 2350/5000 samples
Glacier 0:  47%|███████▍        | 2330/5000 samples
Glacier 0:  47%|███████▌        | 2355/5000 samples
Glacier 0:  47%|███████▌        | 2360/5000 samples
Glacier 0:  47%|███████▍        | 2335/5000 samples
Glacier 0:  47%|███████▌        | 2365/5000 samples
Glacier 0:  47%|███████▌        | 2370/5000 samples
Glacier 0:  48%|███████▌        | 2375/5000 samples
Glacier 0:  46%|███████▍        | 2315/5000 samples
Glacier 0:  48%|███████▋        | 2390/5000 samples
Glacier 0:  48%|███████▋        | 2395/5000 samples
Glacier 0:  48%|███████▋        | 2400/5000 samples
Glacier 0:  48%|███████▋        | 2405/5000 samples
Glacier 0:  48%|███████▋        | 2410/5000 samples
Glacier 0:  48%|███████▋        | 2415/5000 samples
Glacier 0:  48%|███████▋        | 2420/5000 samples
Glacier 0:  48%|███████▌        | 2380/5000 samples
Glacier 0:  48%|███████▋        | 2385/5000 samples
Glacier 0:  49%|███████▊        | 2440/5000 samples
Glacier 0:  49%|███████▊        | 2435/5000 samples
Glacier 0:  49%|███████▊        | 2430/5000 samples
Glacier 0:  49%|███████▊        | 2450/5000 samples
Glacier 0:  48%|███████▊        | 2425/5000 samples
Glacier 0:  49%|███████▊        | 2455/5000 samples
Glacier 0:  49%|███████▊        | 2460/5000 samples
Glacier 0:  49%|███████▉        | 2470/5000 samples
Glacier 0:  50%|███████▉        | 2475/5000 samples
Glacier 0:  50%|███████▉        | 2480/5000 samples
Glacier 0:  50%|███████▉        | 2485/5000 samples
Glacier 0:  50%|███████▉        | 2490/5000 samples
Glacier 0:  49%|███████▊        | 2445/5000 samples
Glacier 0:  50%|███████▉        | 2495/5000 samples
Glacier 0:  50%|████████        | 2500/5000 samples
Glacier 0:  50%|████████        | 2505/5000 samples
Glacier 0:  50%|████████        | 2510/5000 samples
Glacier 0:  50%|████████        | 2515/5000 samples
Glacier 0:  50%|████████        | 2520/5000 samples
Glacier 0:  49%|███████▉        | 2465/5000 samples
Glacier 0:  51%|████████        | 2530/5000 samples
Glacier 0:  51%|████████        | 2535/5000 samples
Glacier 0:  51%|████████▏       | 2540/5000 samples
Glacier 0:  51%|████████▏       | 2545/5000 samples
Glacier 0:  51%|████████▏       | 2550/5000 samples
Glacier 0:  51%|████████▏       | 2555/5000 samples
Glacier 0:  51%|████████▏       | 2560/5000 samples
Glacier 0:  51%|████████▏       | 2570/5000 samples
Glacier 0:  52%|████████▏       | 2575/5000 samples
Glacier 0:  51%|████████▏       | 2565/5000 samples
Glacier 0:  52%|████████▎       | 2590/5000 samples
Glacier 0:  52%|████████▎       | 2585/5000 samples
Glacier 0:  52%|████████▎       | 2580/5000 samples
Glacier 0:  52%|████████▎       | 2595/5000 samples
Glacier 0:  52%|████████▎       | 2600/5000 samples
Glacier 0:  50%|████████        | 2525/5000 samples
Glacier 0:  52%|████████▎       | 2615/5000 samples
Glacier 0:  52%|████████▍       | 2620/5000 samples
Glacier 0:  52%|████████▍       | 2625/5000 samples
Glacier 0:  52%|████████▎       | 2605/5000 samples
Glacier 0:  53%|████████▍       | 2650/5000 samples
Glacier 0:  53%|████████▍       | 2655/5000 samples
Glacier 0:  53%|████████▌       | 2660/5000 samples
Glacier 0:  52%|████████▎       | 2610/5000 samples
Glacier 0:  53%|████████▍       | 2635/5000 samples
Glacier 0:  53%|████████▍       | 2630/5000 samples
Glacier 0:  54%|████████▌       | 2675/5000 samples
Glacier 0:  54%|████████▌       | 2680/5000 samples
Glacier 0:  53%|████████▌       | 2670/5000 samples
Glacier 0:  53%|████████▍       | 2645/5000 samples
Glacier 0:  54%|████████▌       | 2690/5000 samples
Glacier 0:  54%|████████▌       | 2695/5000 samples
Glacier 0:  53%|████████▍       | 2640/5000 samples
Glacier 0:  54%|████████▋       | 2700/5000 samples
Glacier 0:  53%|████████▌       | 2665/5000 samples
Glacier 0:  54%|████████▋       | 2705/5000 samples
Glacier 0:  54%|████████▋       | 2710/5000 samples
Glacier 0:  54%|████████▋       | 2715/5000 samples
Glacier 0:  54%|████████▋       | 2720/5000 samples
Glacier 0:  55%|████████▋       | 2725/5000 samples
Glacier 0:  55%|████████▊       | 2735/5000 samples
Glacier 0:  55%|████████▋       | 2730/5000 samples
Glacier 0:  55%|████████▊       | 2740/5000 samples
Glacier 0:  55%|████████▊       | 2745/5000 samples
Glacier 0:  55%|████████▊       | 2750/5000 samples
Glacier 0:  54%|████████▌       | 2685/5000 samples
Glacier 0:  55%|████████▊       | 2760/5000 samples
Glacier 0:  55%|████████▊       | 2765/5000 samples
Glacier 0:  55%|████████▊       | 2770/5000 samples
Glacier 0:  56%|████████▉       | 2775/5000 samples
Glacier 0:  56%|████████▉       | 2780/5000 samples
Glacier 0:  56%|████████▉       | 2785/5000 samples
Glacier 0:  56%|████████▉       | 2795/5000 samples
Glacier 0:  56%|████████▉       | 2805/5000 samples
Glacier 0:  56%|████████▉       | 2810/5000 samples
Glacier 0:  56%|█████████       | 2815/5000 samples
Glacier 0:  56%|█████████       | 2820/5000 samples
Glacier 0:  57%|█████████       | 2830/5000 samples
Glacier 0:  55%|████████▊       | 2755/5000 samples
Glacier 0:  57%|█████████       | 2840/5000 samples
Glacier 0:  56%|████████▉       | 2790/5000 samples
Glacier 0:  57%|█████████       | 2845/5000 samples
Glacier 0:  57%|█████████▏      | 2855/5000 samples
Glacier 0:  56%|█████████       | 2825/5000 samples
Glacier 0:  57%|█████████▏      | 2860/5000 samples
Glacier 0:  56%|████████▉       | 2800/5000 samples
Glacier 0:  57%|█████████▏      | 2865/5000 samples
Glacier 0:  57%|█████████▏      | 2870/5000 samples
Glacier 0:  57%|█████████       | 2850/5000 samples
Glacier 0:  58%|█████████▏      | 2880/5000 samples
Glacier 0:  57%|█████████       | 2835/5000 samples
Glacier 0:  58%|█████████▏      | 2885/5000 samples
Glacier 0:  58%|█████████▏      | 2890/5000 samples
Glacier 0:  58%|█████████▎      | 2905/5000 samples
Glacier 0:  58%|█████████▎      | 2915/5000 samples
Glacier 0:  57%|█████████▏      | 2875/5000 samples
Glacier 0:  58%|█████████▎      | 2920/5000 samples
Glacier 0:  58%|█████████▎      | 2895/5000 samples
Glacier 0:  59%|█████████▍      | 2935/5000 samples
Glacier 0:  59%|█████████▍      | 2940/5000 samples
Glacier 0:  59%|█████████▍      | 2930/5000 samples
Glacier 0:  59%|█████████▍      | 2945/5000 samples
Glacier 0:  59%|█████████▍      | 2950/5000 samples
Glacier 0:  59%|█████████▍      | 2955/5000 samples
Glacier 0:  58%|█████████▎      | 2900/5000 samples
Glacier 0:  59%|█████████▍      | 2960/5000 samples
Glacier 0:  58%|█████████▎      | 2910/5000 samples
Glacier 0:  59%|█████████▌      | 2970/5000 samples
Glacier 0:  60%|█████████▌      | 2975/5000 samples
Glacier 0:  59%|█████████▍      | 2965/5000 samples
Glacier 0:  60%|█████████▌      | 2980/5000 samples
Glacier 0:  60%|█████████▌      | 2985/5000 samples
Glacier 0:  60%|█████████▌      | 2990/5000 samples
Glacier 0:  58%|█████████▎      | 2925/5000 samples
Glacier 0:  60%|█████████▌      | 3000/5000 samples
Glacier 0:  60%|█████████▌      | 3005/5000 samples
Glacier 0:  60%|█████████▋      | 3010/5000 samples
Glacier 0:  60%|█████████▋      | 3015/5000 samples
Glacier 0:  60%|█████████▋      | 3020/5000 samples
Glacier 0:  60%|█████████▋      | 3025/5000 samples
Glacier 0:  61%|█████████▋      | 3030/5000 samples
Glacier 0:  60%|█████████▌      | 2995/5000 samples
Glacier 0:  61%|█████████▋      | 3035/5000 samples
Glacier 0:  61%|█████████▋      | 3045/5000 samples
Glacier 0:  61%|█████████▊      | 3050/5000 samples
Glacier 0:  61%|█████████▊      | 3055/5000 samples
Glacier 0:  61%|█████████▊      | 3060/5000 samples
Glacier 0:  61%|█████████▊      | 3065/5000 samples
Glacier 0:  61%|█████████▊      | 3070/5000 samples
Glacier 0:  62%|█████████▊      | 3075/5000 samples
Glacier 0:  62%|█████████▊      | 3080/5000 samples
Glacier 0:  62%|█████████▊      | 3085/5000 samples
Glacier 0:  61%|█████████▋      | 3040/5000 samples
Glacier 0:  62%|█████████▉      | 3095/5000 samples
Glacier 0:  62%|█████████▉      | 3090/5000 samples
Glacier 0:  62%|█████████▉      | 3100/5000 samples
Glacier 0:  62%|█████████▉      | 3110/5000 samples
Glacier 0:  62%|█████████▉      | 3115/5000 samples
Glacier 0:  63%|██████████      | 3130/5000 samples
Glacier 0:  62%|██████████      | 3125/5000 samples
Glacier 0:  63%|██████████      | 3135/5000 samples
Glacier 0:  63%|██████████      | 3140/5000 samples
Glacier 0:  63%|██████████      | 3145/5000 samples
Glacier 0:  63%|██████████      | 3150/5000 samples
Glacier 0:  62%|█████████▉      | 3105/5000 samples
Glacier 0:  63%|██████████      | 3155/5000 samples
Glacier 0:  63%|██████████      | 3160/5000 samples
Glacier 0:  62%|█████████▉      | 3120/5000 samples
Glacier 0:  63%|██████████▏     | 3165/5000 samples
Glacier 0:  63%|██████████▏     | 3170/5000 samples
Glacier 0:  64%|██████████▏     | 3175/5000 samples
Glacier 0:  64%|██████████▏     | 3180/5000 samples
Glacier 0:  64%|██████████▏     | 3195/5000 samples
Glacier 0:  64%|██████████▏     | 3185/5000 samples
Glacier 0:  64%|██████████▏     | 3200/5000 samples
Glacier 0:  64%|██████████▎     | 3215/5000 samples
Glacier 0:  64%|██████████▎     | 3210/5000 samples
Glacier 0:  65%|██████████▎     | 3235/5000 samples
Glacier 0:  65%|██████████▎     | 3240/5000 samples
Glacier 0:  64%|██████████▎     | 3225/5000 samples
Glacier 0:  65%|██████████▍     | 3250/5000 samples
Glacier 0:  64%|██████████▎     | 3220/5000 samples
Glacier 0:  64%|██████████▎     | 3205/5000 samples
Glacier 0:  65%|██████████▍     | 3260/5000 samples
Glacier 0:  65%|██████████▎     | 3230/5000 samples
Glacier 0:  65%|██████████▍     | 3270/5000 samples
Glacier 0:  64%|██████████▏     | 3190/5000 samples
Glacier 0:  65%|██████████▍     | 3255/5000 samples
Glacier 0:  66%|██████████▍     | 3275/5000 samples
Glacier 0:  65%|██████████▍     | 3265/5000 samples
Glacier 0:  66%|██████████▌     | 3285/5000 samples
Glacier 0:  66%|██████████▍     | 3280/5000 samples
Glacier 0:  66%|██████████▌     | 3290/5000 samples
Glacier 0:  66%|██████████▌     | 3295/5000 samples
Glacier 0:  65%|██████████▍     | 3245/5000 samples
Glacier 0:  66%|██████████▌     | 3300/5000 samples
Glacier 0:  66%|██████████▌     | 3305/5000 samples
Glacier 0:  66%|██████████▌     | 3310/5000 samples
Glacier 0:  66%|██████████▌     | 3320/5000 samples
Glacier 0:  67%|██████████▋     | 3330/5000 samples
Glacier 0:  67%|██████████▋     | 3340/5000 samples
Glacier 0:  67%|██████████▋     | 3335/5000 samples
Glacier 0:  67%|██████████▋     | 3350/5000 samples
Glacier 0:  67%|██████████▋     | 3345/5000 samples
Glacier 0:  67%|██████████▋     | 3355/5000 samples
Glacier 0:  67%|██████████▊     | 3360/5000 samples
Glacier 0:  67%|██████████▊     | 3365/5000 samples
Glacier 0:  66%|██████████▌     | 3315/5000 samples
Glacier 0:  67%|██████████▊     | 3370/5000 samples
Glacier 0:  68%|██████████▊     | 3375/5000 samples
Glacier 0:  68%|██████████▊     | 3380/5000 samples
Glacier 0:  68%|██████████▊     | 3385/5000 samples
Glacier 0:  68%|██████████▊     | 3395/5000 samples
Glacier 0:  68%|██████████▉     | 3405/5000 samples
Glacier 0:  68%|██████████▊     | 3390/5000 samples
Glacier 0:  68%|██████████▉     | 3410/5000 samples
Glacier 0:  66%|██████████▋     | 3325/5000 samples
Glacier 0:  68%|██████████▉     | 3415/5000 samples
Glacier 0:  68%|██████████▉     | 3420/5000 samples
Glacier 0:  68%|██████████▉     | 3400/5000 samples
Glacier 0:  69%|██████████▉     | 3430/5000 samples
Glacier 0:  68%|██████████▉     | 3425/5000 samples
Glacier 0:  69%|███████████     | 3440/5000 samples
Glacier 0:  69%|███████████     | 3445/5000 samples
Glacier 0:  69%|██████████▉     | 3435/5000 samples
Glacier 0:  69%|███████████     | 3450/5000 samples
Glacier 0:  69%|███████████     | 3455/5000 samples
Glacier 0:  69%|███████████     | 3470/5000 samples
Glacier 0:  69%|███████████     | 3465/5000 samples
Glacier 0:  70%|███████████     | 3475/5000 samples
Glacier 0:  70%|███████████▏    | 3480/5000 samples
Glacier 0:  70%|███████████▏    | 3485/5000 samples
Glacier 0:  70%|███████████▏    | 3495/5000 samples
Glacier 0:  69%|███████████     | 3460/5000 samples
Glacier 0:  70%|███████████▏    | 3505/5000 samples
Glacier 0:  70%|███████████▏    | 3510/5000 samples
Glacier 0:  70%|███████████▏    | 3515/5000 samples
Glacier 0:  70%|███████████▎    | 3520/5000 samples
Glacier 0:  70%|███████████▏    | 3490/5000 samples
Glacier 0:  70%|███████████▎    | 3525/5000 samples
Glacier 0:  71%|███████████▎    | 3530/5000 samples
Glacier 0:  71%|███████████▎    | 3535/5000 samples
Glacier 0:  71%|███████████▎    | 3545/5000 samples
Glacier 0:  70%|███████████▏    | 3500/5000 samples
Glacier 0:  71%|███████████▎    | 3550/5000 samples
Glacier 0:  71%|███████████▍    | 3555/5000 samples
Glacier 0:  71%|███████████▍    | 3560/5000 samples
Glacier 0:  71%|███████████▍    | 3565/5000 samples
Glacier 0:  71%|███████████▎    | 3540/5000 samples
Glacier 0:  71%|███████████▍    | 3570/5000 samples
Glacier 0:  72%|███████████▍    | 3580/5000 samples
Glacier 0:  72%|███████████▍    | 3585/5000 samples
Glacier 0:  72%|███████████▌    | 3600/5000 samples
Glacier 0:  72%|███████████▍    | 3590/5000 samples
Glacier 0:  72%|███████████▌    | 3610/5000 samples
Glacier 0:  72%|███████████▌    | 3595/5000 samples
Glacier 0:  72%|███████████▌    | 3615/5000 samples
Glacier 0:  72%|███████████▌    | 3620/5000 samples
Glacier 0:  72%|███████████▌    | 3625/5000 samples
Glacier 0:  73%|███████████▌    | 3630/5000 samples
Glacier 0:  73%|███████████▋    | 3635/5000 samples
Glacier 0:  73%|███████████▋    | 3640/5000 samples
Glacier 0:  72%|███████████▌    | 3605/5000 samples
Glacier 0:  73%|███████████▋    | 3645/5000 samples
Glacier 0:  73%|███████████▋    | 3650/5000 samples
Glacier 0:  73%|███████████▋    | 3655/5000 samples
Glacier 0:  73%|███████████▋    | 3660/5000 samples
Glacier 0:  73%|███████████▋    | 3665/5000 samples
Glacier 0:  73%|███████████▋    | 3670/5000 samples
Glacier 0:  74%|███████████▊    | 3675/5000 samples
Glacier 0:  74%|███████████▊    | 3680/5000 samples
Glacier 0:  74%|███████████▊    | 3685/5000 samples
Glacier 0:  72%|███████████▍    | 3575/5000 samples
Glacier 0:  74%|███████████▊    | 3695/5000 samples
Glacier 0:  74%|███████████▊    | 3700/5000 samples
Glacier 0:  74%|███████████▊    | 3710/5000 samples
Glacier 0:  74%|███████████▊    | 3690/5000 samples
Glacier 0:  74%|███████████▉    | 3720/5000 samples
Glacier 0:  74%|███████████▉    | 3725/5000 samples
Glacier 0:  75%|███████████▉    | 3730/5000 samples
Glacier 0:  75%|███████████▉    | 3735/5000 samples
Glacier 0:  75%|███████████▉    | 3740/5000 samples
Glacier 0:  75%|███████████▉    | 3745/5000 samples
Glacier 0:  75%|████████████    | 3750/5000 samples
Glacier 0:  75%|████████████    | 3755/5000 samples
Glacier 0:  75%|████████████    | 3760/5000 samples
Glacier 0:  75%|████████████    | 3765/5000 samples
Glacier 0:  75%|████████████    | 3770/5000 samples
Glacier 0:  74%|███████████▉    | 3715/5000 samples
Glacier 0:  76%|████████████    | 3775/5000 samples
Glacier 0:  74%|███████████▊    | 3705/5000 samples
Glacier 0:  76%|████████████    | 3780/5000 samples
Glacier 0:  76%|████████████    | 3785/5000 samples
Glacier 0:  76%|████████████▏   | 3790/5000 samples
Glacier 0:  76%|████████████▏   | 3800/5000 samples
Glacier 0:  76%|████████████▏   | 3805/5000 samples
Glacier 0:  76%|████████████▏   | 3795/5000 samples
Glacier 0:  76%|████████████▏   | 3825/5000 samples
Glacier 0:  76%|████████████▏   | 3820/5000 samples
Glacier 0:  77%|████████████▎   | 3830/5000 samples
Glacier 0:  77%|████████████▎   | 3835/5000 samples
Glacier 0:  76%|████████████▏   | 3815/5000 samples
Glacier 0:  76%|████████████▏   | 3810/5000 samples
Glacier 0:  77%|████████████▎   | 3845/5000 samples
Glacier 0:  77%|████████████▎   | 3860/5000 samples
Glacier 0:  77%|████████████▎   | 3865/5000 samples
Glacier 0:  78%|████████████▍   | 3875/5000 samples
Glacier 0:  77%|████████████▎   | 3840/5000 samples
Glacier 0:  78%|████████████▍   | 3885/5000 samples
Glacier 0:  77%|████████████▎   | 3850/5000 samples
Glacier 0:  78%|████████████▍   | 3880/5000 samples
Glacier 0:  78%|████████████▍   | 3895/5000 samples
Glacier 0:  78%|████████████▍   | 3900/5000 samples
Glacier 0:  77%|████████████▎   | 3855/5000 samples
Glacier 0:  78%|████████████▍   | 3905/5000 samples
Glacier 0:  77%|████████████▍   | 3870/5000 samples
Glacier 0:  78%|████████████▍   | 3890/5000 samples
Glacier 0:  78%|████████████▌   | 3915/5000 samples
Glacier 0:  78%|████████████▌   | 3920/5000 samples
Glacier 0:  78%|████████████▌   | 3925/5000 samples
Glacier 0:  79%|████████████▌   | 3930/5000 samples
Glacier 0:  79%|████████████▌   | 3935/5000 samples
Glacier 0:  78%|████████████▌   | 3910/5000 samples
Glacier 0:  79%|████████████▌   | 3945/5000 samples
Glacier 0:  79%|████████████▋   | 3950/5000 samples
Glacier 0:  79%|████████████▋   | 3955/5000 samples
Glacier 0:  79%|████████████▋   | 3960/5000 samples
Glacier 0:  79%|████████████▋   | 3965/5000 samples
Glacier 0:  79%|████████████▋   | 3970/5000 samples
Glacier 0:  80%|████████████▋   | 3980/5000 samples
Glacier 0:  80%|████████████▋   | 3975/5000 samples
Glacier 0:  80%|████████████▊   | 3985/5000 samples
Glacier 0:  80%|████████████▊   | 3995/5000 samples
Glacier 0:  79%|████████████▌   | 3940/5000 samples
Glacier 0:  80%|████████████▊   | 4000/5000 samples
Glacier 0:  80%|████████████▊   | 4005/5000 samples
Glacier 0:  80%|████████████▊   | 4010/5000 samples
Glacier 0:  80%|████████████▊   | 4015/5000 samples
Glacier 0:  80%|████████████▊   | 4020/5000 samples
Glacier 0:  80%|████████████▉   | 4025/5000 samples
Glacier 0:  81%|████████████▉   | 4030/5000 samples
Glacier 0:  81%|████████████▉   | 4035/5000 samples
Glacier 0:  81%|████████████▉   | 4040/5000 samples
Glacier 0:  80%|████████████▊   | 3990/5000 samples
Glacier 0:  81%|████████████▉   | 4045/5000 samples
Glacier 0:  81%|████████████▉   | 4055/5000 samples
Glacier 0:  81%|████████████▉   | 4050/5000 samples
Glacier 0:  81%|█████████████   | 4065/5000 samples
Glacier 0:  81%|█████████████   | 4070/5000 samples
Glacier 0:  82%|█████████████   | 4080/5000 samples
Glacier 0:  82%|█████████████   | 4075/5000 samples
Glacier 0:  82%|█████████████   | 4090/5000 samples
Glacier 0:  82%|█████████████   | 4095/5000 samples
Glacier 0:  82%|█████████████   | 4085/5000 samples
Glacier 0:  82%|█████████████   | 4100/5000 samples
Glacier 0:  82%|█████████████▏  | 4105/5000 samples
Glacier 0:  82%|█████████████▏  | 4110/5000 samples
Glacier 0:  82%|█████████████▏  | 4115/5000 samples
Glacier 0:  82%|█████████████▏  | 4125/5000 samples
Glacier 0:  82%|█████████████▏  | 4120/5000 samples
Glacier 0:  83%|█████████████▏  | 4130/5000 samples
Glacier 0:  83%|█████████████▏  | 4135/5000 samples
Glacier 0:  83%|█████████████▎  | 4145/5000 samples
Glacier 0:  81%|████████████▉   | 4060/5000 samples
Glacier 0:  83%|█████████████▎  | 4150/5000 samples
Glacier 0:  83%|█████████████▎  | 4155/5000 samples
Glacier 0:  83%|█████████████▎  | 4160/5000 samples
Glacier 0:  83%|█████████████▎  | 4165/5000 samples
Glacier 0:  84%|█████████████▎  | 4175/5000 samples
Glacier 0:  83%|█████████████▎  | 4170/5000 samples
Glacier 0:  84%|█████████████▍  | 4180/5000 samples
Glacier 0:  84%|█████████████▍  | 4185/5000 samples
Glacier 0:  84%|█████████████▍  | 4190/5000 samples
Glacier 0:  84%|█████████████▍  | 4195/5000 samples
Glacier 0:  84%|█████████████▍  | 4200/5000 samples
Glacier 0:  84%|█████████████▍  | 4210/5000 samples
Glacier 0:  84%|█████████████▌  | 4225/5000 samples
Glacier 0:  85%|█████████████▌  | 4230/5000 samples
Glacier 0:  85%|█████████████▌  | 4235/5000 samples
Glacier 0:  83%|█████████████▏  | 4140/5000 samples
Glacier 0:  85%|█████████████▌  | 4240/5000 samples
Glacier 0:  85%|█████████████▌  | 4245/5000 samples
Glacier 0:  84%|█████████████▍  | 4205/5000 samples
Glacier 0:  85%|█████████████▌  | 4250/5000 samples
Glacier 0:  85%|█████████████▌  | 4255/5000 samples
Glacier 0:  85%|█████████████▋  | 4260/5000 samples
Glacier 0:  85%|█████████████▋  | 4265/5000 samples
Glacier 0:  85%|█████████████▋  | 4270/5000 samples
Glacier 0:  84%|█████████████▍  | 4215/5000 samples
Glacier 0:  86%|█████████████▋  | 4280/5000 samples
Glacier 0:  86%|█████████████▋  | 4285/5000 samples
Glacier 0:  86%|█████████████▋  | 4290/5000 samples
Glacier 0:  86%|█████████████▋  | 4275/5000 samples
Glacier 0:  86%|█████████████▊  | 4300/5000 samples
Glacier 0:  84%|█████████████▌  | 4220/5000 samples
Glacier 0:  86%|█████████████▊  | 4315/5000 samples
Glacier 0:  86%|█████████████▋  | 4295/5000 samples
Glacier 0:  86%|█████████████▊  | 4325/5000 samples
Glacier 0:  87%|█████████████▊  | 4330/5000 samples
Glacier 0:  87%|█████████████▉  | 4340/5000 samples
Glacier 0:  87%|█████████████▊  | 4335/5000 samples
Glacier 0:  86%|█████████████▊  | 4320/5000 samples
Glacier 0:  87%|█████████████▉  | 4345/5000 samples
Glacier 0:  87%|█████████████▉  | 4355/5000 samples
Glacier 0:  87%|█████████████▉  | 4350/5000 samples
Glacier 0:  87%|█████████████▉  | 4360/5000 samples
Glacier 0:  87%|█████████████▉  | 4365/5000 samples
Glacier 0:  86%|█████████████▊  | 4305/5000 samples
Glacier 0:  87%|█████████████▉  | 4370/5000 samples
Glacier 0:  88%|██████████████  | 4375/5000 samples
Glacier 0:  88%|██████████████  | 4385/5000 samples
Glacier 0:  88%|██████████████  | 4380/5000 samples
Glacier 0:  88%|██████████████  | 4390/5000 samples
Glacier 0:  88%|██████████████  | 4395/5000 samples
Glacier 0:  88%|██████████████  | 4400/5000 samples
Glacier 0:  86%|█████████████▊  | 4310/5000 samples
Glacier 0:  88%|██████████████  | 4405/5000 samples
Glacier 0:  88%|██████████████  | 4410/5000 samples
Glacier 0:  88%|██████████████▏ | 4420/5000 samples
Glacier 0:  88%|██████████████▏ | 4425/5000 samples
Glacier 0:  89%|██████████████▏ | 4430/5000 samples
Glacier 0:  89%|██████████████▏ | 4440/5000 samples
Glacier 0:  89%|██████████████▏ | 4435/5000 samples
Glacier 0:  89%|██████████████▏ | 4445/5000 samples
Glacier 0:  89%|██████████████▏ | 4450/5000 samples
Glacier 0:  88%|██████████████▏ | 4415/5000 samples
Glacier 0:  89%|██████████████▎ | 4470/5000 samples
Glacier 0:  89%|██████████████▎ | 4465/5000 samples
Glacier 0:  90%|██████████████▎ | 4475/5000 samples
Glacier 0:  90%|██████████████▎ | 4480/5000 samples
Glacier 0:  90%|██████████████▎ | 4485/5000 samples
Glacier 0:  90%|██████████████▎ | 4490/5000 samples
Glacier 0:  90%|██████████████▍ | 4500/5000 samples
Glacier 0:  90%|██████████████▍ | 4505/5000 samples
Glacier 0:  90%|██████████████▍ | 4510/5000 samples
Glacier 0:  90%|██████████████▍ | 4515/5000 samples
Glacier 0:  89%|██████████████▎ | 4460/5000 samples
Glacier 0:  89%|██████████████▎ | 4455/5000 samples
Glacier 0:  90%|██████████████▍ | 4495/5000 samples
Glacier 0:  90%|██████████████▍ | 4525/5000 samples
Glacier 0:  91%|██████████████▍ | 4530/5000 samples
Glacier 0:  90%|██████████████▍ | 4520/5000 samples
Glacier 0:  91%|██████████████▌ | 4535/5000 samples
Glacier 0:  91%|██████████████▌ | 4540/5000 samples
Glacier 0:  91%|██████████████▌ | 4545/5000 samples
Glacier 0:  91%|██████████████▌ | 4565/5000 samples
Glacier 0:  91%|██████████████▌ | 4570/5000 samples
Glacier 0:  92%|██████████████▋ | 4575/5000 samples
Glacier 0:  92%|██████████████▋ | 4580/5000 samples
Glacier 0:  92%|██████████████▋ | 4585/5000 samples
Glacier 0:  92%|██████████████▋ | 4595/5000 samples
Glacier 0:  92%|██████████████▋ | 4600/5000 samples
Glacier 0:  92%|██████████████▋ | 4605/5000 samples
Glacier 0:  92%|██████████████▊ | 4610/5000 samples
Glacier 0:  92%|██████████████▊ | 4615/5000 samples
Glacier 0:  91%|██████████████▌ | 4560/5000 samples
Glacier 0:  92%|██████████████▊ | 4620/5000 samples
Glacier 0:  91%|██████████████▌ | 4550/5000 samples
Glacier 0:  91%|██████████████▌ | 4555/5000 samples
Glacier 0:  92%|██████████████▊ | 4625/5000 samples
Glacier 0:  93%|██████████████▊ | 4630/5000 samples
Glacier 0:  93%|██████████████▊ | 4645/5000 samples
Glacier 0:  92%|██████████████▋ | 4590/5000 samples
Glacier 0:  93%|██████████████▊ | 4640/5000 samples
Glacier 0:  93%|██████████████▉ | 4650/5000 samples
Glacier 0:  93%|██████████████▉ | 4655/5000 samples
Glacier 0:  93%|██████████████▊ | 4635/5000 samples
Glacier 0:  93%|██████████████▉ | 4665/5000 samples
Glacier 0:  94%|██████████████▉ | 4675/5000 samples
Glacier 0:  94%|██████████████▉ | 4680/5000 samples
Glacier 0:  94%|██████████████▉ | 4685/5000 samples
Glacier 0:  94%|███████████████ | 4690/5000 samples
Glacier 0:  94%|███████████████ | 4695/5000 samples
Glacier 0:  93%|██████████████▉ | 4660/5000 samples
Glacier 0:  93%|██████████████▉ | 4670/5000 samples
Glacier 0:  94%|███████████████ | 4710/5000 samples
Glacier 0:  94%|███████████████ | 4720/5000 samples
Glacier 0:  94%|███████████████ | 4725/5000 samples
Glacier 0:  95%|███████████████▏| 4730/5000 samples
Glacier 0:  95%|███████████████▏| 4735/5000 samples
Glacier 0:  94%|███████████████ | 4705/5000 samples
Glacier 0:  95%|███████████████▏| 4740/5000 samples
Glacier 0:  95%|███████████████▏| 4745/5000 samples
Glacier 0:  95%|███████████████▏| 4750/5000 samples
Glacier 0:  95%|███████████████▏| 4755/5000 samples
Glacier 0:  95%|███████████████▏| 4760/5000 samples
Glacier 0:  94%|███████████████ | 4715/5000 samples
Glacier 0:  95%|███████████████▎| 4770/5000 samples
Glacier 0:  94%|███████████████ | 4700/5000 samples
Glacier 0:  96%|███████████████▎| 4775/5000 samples
Glacier 0:  96%|███████████████▎| 4780/5000 samples
Glacier 0:  95%|███████████████▏| 4765/5000 samples
Glacier 0:  96%|███████████████▎| 4790/5000 samples
Glacier 0:  96%|███████████████▎| 4795/5000 samples
Glacier 0:  96%|███████████████▍| 4805/5000 samples
Glacier 0:  96%|███████████████▍| 4810/5000 samples
Glacier 0:  96%|███████████████▍| 4820/5000 samples
Glacier 0:  96%|███████████████▍| 4825/5000 samples
Glacier 0:  97%|███████████████▍| 4830/5000 samples
Glacier 0:  97%|███████████████▍| 4835/5000 samples
Glacier 0:  97%|███████████████▍| 4840/5000 samples
Glacier 0:  97%|███████████████▌| 4845/5000 samples
Glacier 0:  97%|███████████████▌| 4850/5000 samples
Glacier 0:  96%|███████████████▎| 4785/5000 samples
Glacier 0:  96%|███████████████▎| 4800/5000 samples
Glacier 0:  97%|███████████████▌| 4860/5000 samples
Glacier 0:  97%|███████████████▌| 4870/5000 samples
Glacier 0:  98%|███████████████▌| 4875/5000 samples
Glacier 0:  98%|███████████████▌| 4880/5000 samples
Glacier 0:  97%|███████████████▌| 4865/5000 samples
Glacier 0:  96%|███████████████▍| 4815/5000 samples
Glacier 0:  98%|███████████████▋| 4890/5000 samples
Glacier 0:  97%|███████████████▌| 4855/5000 samples
Glacier 0:  98%|███████████████▋| 4900/5000 samples
Glacier 0:  98%|███████████████▋| 4895/5000 samples
Glacier 0:  98%|███████████████▋| 4905/5000 samples
Glacier 0:  98%|███████████████▋| 4910/5000 samples
Glacier 0:  98%|███████████████▋| 4915/5000 samples
Glacier 0:  98%|███████████████▋| 4885/5000 samples
Glacier 0:  98%|███████████████▋| 4920/5000 samples
Glacier 0:  98%|███████████████▊| 4925/5000 samples
Glacier 0:  99%|███████████████▊| 4930/5000 samples
Glacier 0:  99%|███████████████▊| 4935/5000 samples
Glacier 0:  99%|███████████████▊| 4945/5000 samples
Glacier 0:  99%|███████████████▊| 4955/5000 samples
Glacier 0:  99%|███████████████▊| 4950/5000 samples
Glacier 0:  99%|███████████████▊| 4960/5000 samples
Glacier 0:  99%|███████████████▊| 4940/5000 samples
Glacier 0:  99%|███████████████▉| 4965/5000 samples
Glacier 0:  99%|███████████████▉| 4970/5000 samples
Glacier 0: 100%|███████████████▉| 4975/5000 samples
Glacier 0: 100%|███████████████▉| 4980/5000 samples
Glacier 0: 100%|███████████████▉| 4985/5000 samples
Glacier 0: 100%|███████████████▉| 4990/5000 samples
Glacier 0: 100%|███████████████▉| 4995/5000 samples
Glacier 0: 100%|████████████████| 5000/5000 samples
