WORKING DIRECTORY /home/users/chancock/OGGM_repo/oggm/oggm/sandbox/notebooks/sensitvity_SAFE/glacier_outs
There is no simulation for the index 5! Something has gone wrong here!
There is no simulation for the index 56! Something has gone wrong here!
There is no simulation for the index 75! Something has gone wrong here!
There is no simulation for the index 83! Something has gone wrong here!
There is no simulation for the index 114! Something has gone wrong here!
There is no simulation for the index 116! Something has gone wrong here!
There is no simulation for the index 127! Something has gone wrong here!
There is no simulation for the index 147! Something has gone wrong here!
There is no simulation for the index 192! Something has gone wrong here!
There is no simulation for the index 263! Something has gone wrong here!
There is no simulation for the index 317! Something has gone wrong here!
There is no simulation for the index 318! Something has gone wrong here!
There is no simulation for the index 337! Something has gone wrong here!
There is no simulation for the index 344! Something has gone wrong here!
There is no simulation for the index 364! Something has gone wrong here!
There is no simulation for the index 392! Something has gone wrong here!
There is no simulation for the index 396! Something has gone wrong here!
There is no simulation for the index 402! Something has gone wrong here!
There is no simulation for the index 429! Something has gone wrong here!
There is no simulation for the index 436! Something has gone wrong here!
There is no simulation for the index 445! Something has gone wrong here!
There is no simulation for the index 457! Something has gone wrong here!
There is no simulation for the index 527! Something has gone wrong here!
There is no simulation for the index 538! Something has gone wrong here!
There is no simulation for the index 562! Something has gone wrong here!
There is no simulation for the index 577! Something has gone wrong here!
There is no simulation for the index 581! Something has gone wrong here!
There is no simulation for the index 583! Something has gone wrong here!
There is no simulation for the index 591! Something has gone wrong here!
There is no simulation for the index 599! Something has gone wrong here!
There is no simulation for the index 600! Something has gone wrong here!
There is no simulation for the index 608! Something has gone wrong here!
There is no simulation for the index 614! Something has gone wrong here!
There is no simulation for the index 618! Something has gone wrong here!
There is no simulation for the index 638! Something has gone wrong here!
There is no simulation for the index 660! Something has gone wrong here!
There is no simulation for the index 661! Something has gone wrong here!
There is no simulation for the index 667! Something has gone wrong here!
There is no simulation for the index 677! Something has gone wrong here!
There is no simulation for the index 704! Something has gone wrong here!
There is no simulation for the index 716! Something has gone wrong here!
There is no simulation for the index 729! Something has gone wrong here!
There is no simulation for the index 749! Something has gone wrong here!
There is no simulation for the index 757! Something has gone wrong here!
There is no simulation for the index 763! Something has gone wrong here!
There is no simulation for the index 787! Something has gone wrong here!
There is no simulation for the index 811! Something has gone wrong here!
There is no simulation for the index 834! Something has gone wrong here!
There is no simulation for the index 836! Something has gone wrong here!
There is no simulation for the index 840! Something has gone wrong here!
There is no simulation for the index 854! Something has gone wrong here!
There is no simulation for the index 858! Something has gone wrong here!
There is no simulation for the index 880! Something has gone wrong here!
There is no simulation for the index 955! Something has gone wrong here!
There is no simulation for the index 962! Something has gone wrong here!
There is no simulation for the index 967! Something has gone wrong here!
There is no simulation for the index 977! Something has gone wrong here!
There is no simulation for the index 981! Something has gone wrong here!
There is no simulation for the index 991! Something has gone wrong here!
There is no simulation for the index 992! Something has gone wrong here!
There is no simulation for the index 1005! Something has gone wrong here!
There is no simulation for the index 1007! Something has gone wrong here!
There is no simulation for the index 1024! Something has gone wrong here!
There is no simulation for the index 1037! Something has gone wrong here!
There is no simulation for the index 1063! Something has gone wrong here!
There is no simulation for the index 1100! Something has gone wrong here!
There is no simulation for the index 1133! Something has gone wrong here!
There is no simulation for the index 1150! Something has gone wrong here!
There is no simulation for the index 1167! Something has gone wrong here!
There is no simulation for the index 1188! Something has gone wrong here!
There is no simulation for the index 1190! Something has gone wrong here!
There is no simulation for the index 1195! Something has gone wrong here!
There is no simulation for the index 1197! Something has gone wrong here!
There is no simulation for the index 1219! Something has gone wrong here!
There is no simulation for the index 1222! Something has gone wrong here!
There is no simulation for the index 1244! Something has gone wrong here!
There is no simulation for the index 1255! Something has gone wrong here!
There is no simulation for the index 1262! Something has gone wrong here!
There is no simulation for the index 1273! Something has gone wrong here!
There is no simulation for the index 1316! Something has gone wrong here!
There is no simulation for the index 1323! Something has gone wrong here!
There is no simulation for the index 1349! Something has gone wrong here!
There is no simulation for the index 1363! Something has gone wrong here!
There is no simulation for the index 1366! Something has gone wrong here!
There is no simulation for the index 1385! Something has gone wrong here!
There is no simulation for the index 1386! Something has gone wrong here!
There is no simulation for the index 1405! Something has gone wrong here!
There is no simulation for the index 1413! Something has gone wrong here!
There is no simulation for the index 1444! Something has gone wrong here!
There is no simulation for the index 1451! Something has gone wrong here!
There is no simulation for the index 1471! Something has gone wrong here!
There is no simulation for the index 1476! Something has gone wrong here!
There is no simulation for the index 1480! Something has gone wrong here!
There is no simulation for the index 1507! Something has gone wrong here!
There is no simulation for the index 1526! Something has gone wrong here!
There is no simulation for the index 1536! Something has gone wrong here!
There is no simulation for the index 1551! Something has gone wrong here!
There is no simulation for the index 1562! Something has gone wrong here!
There is no simulation for the index 1585! Something has gone wrong here!
There is no simulation for the index 1690! Something has gone wrong here!
There is no simulation for the index 1710! Something has gone wrong here!
There is no simulation for the index 1745! Something has gone wrong here!
There is no simulation for the index 1755! Something has gone wrong here!
There is no simulation for the index 1801! Something has gone wrong here!
There is no simulation for the index 1804! Something has gone wrong here!
There is no simulation for the index 1805! Something has gone wrong here!
There is no simulation for the index 1816! Something has gone wrong here!
There is no simulation for the index 1821! Something has gone wrong here!
There is no simulation for the index 1823! Something has gone wrong here!
There is no simulation for the index 1832! Something has gone wrong here!
There is no simulation for the index 1837! Something has gone wrong here!
There is no simulation for the index 1840! Something has gone wrong here!
There is no simulation for the index 1850! Something has gone wrong here!
There is no simulation for the index 1875! Something has gone wrong here!
There is no simulation for the index 1878! Something has gone wrong here!
There is no simulation for the index 1883! Something has gone wrong here!
There is no simulation for the index 1929! Something has gone wrong here!
There is no simulation for the index 1930! Something has gone wrong here!
There is no simulation for the index 1933! Something has gone wrong here!
There is no simulation for the index 1938! Something has gone wrong here!
There is no simulation for the index 1940! Something has gone wrong here!
There is no simulation for the index 1945! Something has gone wrong here!
There is no simulation for the index 1962! Something has gone wrong here!
There is no simulation for the index 2012! Something has gone wrong here!
There is no simulation for the index 2026! Something has gone wrong here!
There is no simulation for the index 2031! Something has gone wrong here!
There is no simulation for the index 2032! Something has gone wrong here!
There is no simulation for the index 2053! Something has gone wrong here!
There is no simulation for the index 2066! Something has gone wrong here!
There is no simulation for the index 2079! Something has gone wrong here!
There is no simulation for the index 2089! Something has gone wrong here!
There is no simulation for the index 2120! Something has gone wrong here!
There is no simulation for the index 2140! Something has gone wrong here!
There is no simulation for the index 2144! Something has gone wrong here!
There is no simulation for the index 2171! Something has gone wrong here!
There is no simulation for the index 2175! Something has gone wrong here!
There is no simulation for the index 2199! Something has gone wrong here!
There is no simulation for the index 2213! Something has gone wrong here!
There is no simulation for the index 2214! Something has gone wrong here!
There is no simulation for the index 2246! Something has gone wrong here!
There is no simulation for the index 2255! Something has gone wrong here!
There is no simulation for the index 2256! Something has gone wrong here!
There is no simulation for the index 2262! Something has gone wrong here!
There is no simulation for the index 2265! Something has gone wrong here!
There is no simulation for the index 2304! Something has gone wrong here!
There is no simulation for the index 2305! Something has gone wrong here!
There is no simulation for the index 2309! Something has gone wrong here!
There is no simulation for the index 2329! Something has gone wrong here!
There is no simulation for the index 2350! Something has gone wrong here!
There is no simulation for the index 2360! Something has gone wrong here!
There is no simulation for the index 2381! Something has gone wrong here!
There is no simulation for the index 2386! Something has gone wrong here!
There is no simulation for the index 2401! Something has gone wrong here!
There is no simulation for the index 2423! Something has gone wrong here!
There is no simulation for the index 2431! Something has gone wrong here!
There is no simulation for the index 2436! Something has gone wrong here!
There is no simulation for the index 2457! Something has gone wrong here!
There is no simulation for the index 2477! Something has gone wrong here!
There is no simulation for the index 2539! Something has gone wrong here!
There is no simulation for the index 2543! Something has gone wrong here!
There is no simulation for the index 2560! Something has gone wrong here!
There is no simulation for the index 2568! Something has gone wrong here!
There is no simulation for the index 2573! Something has gone wrong here!
There is no simulation for the index 2580! Something has gone wrong here!
There is no simulation for the index 2589! Something has gone wrong here!
There is no simulation for the index 2615! Something has gone wrong here!
There is no simulation for the index 2622! Something has gone wrong here!
There is no simulation for the index 2638! Something has gone wrong here!
There is no simulation for the index 2639! Something has gone wrong here!
There is no simulation for the index 2683! Something has gone wrong here!
There is no simulation for the index 2685! Something has gone wrong here!
There is no simulation for the index 2686! Something has gone wrong here!
There is no simulation for the index 2711! Something has gone wrong here!
There is no simulation for the index 2714! Something has gone wrong here!
There is no simulation for the index 2752! Something has gone wrong here!
There is no simulation for the index 2753! Something has gone wrong here!
There is no simulation for the index 2758! Something has gone wrong here!
There is no simulation for the index 2805! Something has gone wrong here!
There is no simulation for the index 2812! Something has gone wrong here!
There is no simulation for the index 2816! Something has gone wrong here!
There is no simulation for the index 2819! Something has gone wrong here!
There is no simulation for the index 2829! Something has gone wrong here!
There is no simulation for the index 2851! Something has gone wrong here!
There is no simulation for the index 2880! Something has gone wrong here!
There is no simulation for the index 2881! Something has gone wrong here!
There is no simulation for the index 2885! Something has gone wrong here!
There is no simulation for the index 2890! Something has gone wrong here!
There is no simulation for the index 2926! Something has gone wrong here!
There is no simulation for the index 2934! Something has gone wrong here!
There is no simulation for the index 2948! Something has gone wrong here!
There is no simulation for the index 2954! Something has gone wrong here!
There is no simulation for the index 3025! Something has gone wrong here!
There is no simulation for the index 3039! Something has gone wrong here!
There is no simulation for the index 3068! Something has gone wrong here!
There is no simulation for the index 3071! Something has gone wrong here!
There is no simulation for the index 3087! Something has gone wrong here!
There is no simulation for the index 3122! Something has gone wrong here!
There is no simulation for the index 3129! Something has gone wrong here!
There is no simulation for the index 3141! Something has gone wrong here!
There is no simulation for the index 3158! Something has gone wrong here!
There is no simulation for the index 3185! Something has gone wrong here!
There is no simulation for the index 3197! Something has gone wrong here!
There is no simulation for the index 3275! Something has gone wrong here!
There is no simulation for the index 3290! Something has gone wrong here!
There is no simulation for the index 3294! Something has gone wrong here!
There is no simulation for the index 3318! Something has gone wrong here!
There is no simulation for the index 3357! Something has gone wrong here!
There is no simulation for the index 3365! Something has gone wrong here!
There is no simulation for the index 3385! Something has gone wrong here!
There is no simulation for the index 3386! Something has gone wrong here!
There is no simulation for the index 3402! Something has gone wrong here!
There is no simulation for the index 3403! Something has gone wrong here!
There is no simulation for the index 3425! Something has gone wrong here!
There is no simulation for the index 3433! Something has gone wrong here!
There is no simulation for the index 3449! Something has gone wrong here!
There is no simulation for the index 3456! Something has gone wrong here!
There is no simulation for the index 3457! Something has gone wrong here!
There is no simulation for the index 3472! Something has gone wrong here!
There is no simulation for the index 3508! Something has gone wrong here!
There is no simulation for the index 3509! Something has gone wrong here!
There is no simulation for the index 3514! Something has gone wrong here!
There is no simulation for the index 3564! Something has gone wrong here!
There is no simulation for the index 3584! Something has gone wrong here!
There is no simulation for the index 3585! Something has gone wrong here!
There is no simulation for the index 3616! Something has gone wrong here!
There is no simulation for the index 3635! Something has gone wrong here!
There is no simulation for the index 3646! Something has gone wrong here!
There is no simulation for the index 3647! Something has gone wrong here!
There is no simulation for the index 3657! Something has gone wrong here!
There is no simulation for the index 3668! Something has gone wrong here!
There is no simulation for the index 3674! Something has gone wrong here!
There is no simulation for the index 3675! Something has gone wrong here!
There is no simulation for the index 3700! Something has gone wrong here!
There is no simulation for the index 3712! Something has gone wrong here!
There is no simulation for the index 3726! Something has gone wrong here!
There is no simulation for the index 3757! Something has gone wrong here!
There is no simulation for the index 3759! Something has gone wrong here!
There is no simulation for the index 3769! Something has gone wrong here!
There is no simulation for the index 3805! Something has gone wrong here!
There is no simulation for the index 3817! Something has gone wrong here!
There is no simulation for the index 3820! Something has gone wrong here!
There is no simulation for the index 3838! Something has gone wrong here!
There is no simulation for the index 3853! Something has gone wrong here!
There is no simulation for the index 3872! Something has gone wrong here!
There is no simulation for the index 3873! Something has gone wrong here!
There is no simulation for the index 3884! Something has gone wrong here!
There is no simulation for the index 3896! Something has gone wrong here!
There is no simulation for the index 3923! Something has gone wrong here!
There is no simulation for the index 3935! Something has gone wrong here!
There is no simulation for the index 3953! Something has gone wrong here!
There is no simulation for the index 3967! Something has gone wrong here!
There is no simulation for the index 4004! Something has gone wrong here!
There is no simulation for the index 4011! Something has gone wrong here!
There is no simulation for the index 4015! Something has gone wrong here!
There is no simulation for the index 4020! Something has gone wrong here!
There is no simulation for the index 4038! Something has gone wrong here!
There is no simulation for the index 4073! Something has gone wrong here!
There is no simulation for the index 4080! Something has gone wrong here!
There is no simulation for the index 4081! Something has gone wrong here!
There is no simulation for the index 4108! Something has gone wrong here!
There is no simulation for the index 4114! Something has gone wrong here!
There is no simulation for the index 4125! Something has gone wrong here!
There is no simulation for the index 4177! Something has gone wrong here!
There is no simulation for the index 4200! Something has gone wrong here!
There is no simulation for the index 4202! Something has gone wrong here!
There is no simulation for the index 4212! Something has gone wrong here!
There is no simulation for the index 4216! Something has gone wrong here!
There is no simulation for the index 4224! Something has gone wrong here!
There is no simulation for the index 4230! Something has gone wrong here!
There is no simulation for the index 4232! Something has gone wrong here!
There is no simulation for the index 4261! Something has gone wrong here!
There is no simulation for the index 4263! Something has gone wrong here!
There is no simulation for the index 4288! Something has gone wrong here!
There is no simulation for the index 4305! Something has gone wrong here!
There is no simulation for the index 4309! Something has gone wrong here!
There is no simulation for the index 4310! Something has gone wrong here!
There is no simulation for the index 4370! Something has gone wrong here!
There is no simulation for the index 4372! Something has gone wrong here!
There is no simulation for the index 4379! Something has gone wrong here!
There is no simulation for the index 4383! Something has gone wrong here!
There is no simulation for the index 4385! Something has gone wrong here!
There is no simulation for the index 4389! Something has gone wrong here!
There is no simulation for the index 4411! Something has gone wrong here!
There is no simulation for the index 4418! Something has gone wrong here!
There is no simulation for the index 4420! Something has gone wrong here!
There is no simulation for the index 4422! Something has gone wrong here!
There is no simulation for the index 4423! Something has gone wrong here!
There is no simulation for the index 4444! Something has gone wrong here!
There is no simulation for the index 4488! Something has gone wrong here!
There is no simulation for the index 4499! Something has gone wrong here!
There is no simulation for the index 4514! Something has gone wrong here!
There is no simulation for the index 4537! Something has gone wrong here!
There is no simulation for the index 4549! Something has gone wrong here!
There is no simulation for the index 4553! Something has gone wrong here!
There is no simulation for the index 4563! Something has gone wrong here!
There is no simulation for the index 4573! Something has gone wrong here!
There is no simulation for the index 4585! Something has gone wrong here!
There is no simulation for the index 4591! Something has gone wrong here!
There is no simulation for the index 4610! Something has gone wrong here!
There is no simulation for the index 4658! Something has gone wrong here!
There is no simulation for the index 4662! Something has gone wrong here!
There is no simulation for the index 4687! Something has gone wrong here!
There is no simulation for the index 4722! Something has gone wrong here!
There is no simulation for the index 4733! Something has gone wrong here!
There is no simulation for the index 4755! Something has gone wrong here!
There is no simulation for the index 4766! Something has gone wrong here!
There is no simulation for the index 4772! Something has gone wrong here!
There is no simulation for the index 4781! Something has gone wrong here!
There is no simulation for the index 4804! Something has gone wrong here!
There is no simulation for the index 4809! Something has gone wrong here!
There is no simulation for the index 4830! Something has gone wrong here!
There is no simulation for the index 4869! Something has gone wrong here!
There is no simulation for the index 4926! Something has gone wrong here!
There is no simulation for the index 4930! Something has gone wrong here!
There is no simulation for the index 4951! Something has gone wrong here!
There is no simulation for the index 4968! Something has gone wrong here!
There is no simulation for the index 4979! Something has gone wrong here!
There is no simulation for the index 4983! Something has gone wrong here!
There is no simulation for the index 4989! Something has gone wrong here!
done glacier:  0
Saved sensitivity plots to /home/users/chancock/OGGM_repo/oggm/oggm/sandbox/notebooks/sensitvity_SAFE/glacier_outs/PAWN_plots.png
0 4681 4681 4681
After area bounding: 943/4681 values remain (20.1%)
After Hugonnet bounding: 413/4681 values remain (8.8% of original; 43.8% kept from previous step)
There are 413 samples captured within the given bounds.
Job completed at Fri Mar 27 06:45:10 PM CET 2026
