Workdir for this run: /work/chancock/523423/wd
Output dir for this run: /work/chancock/523423/out
Copying files...
sending incremental file list
created directory glacier_outs
./
0_output.csv
0_params.csv
1_output.csv
1_params.csv
2_output.csv
2_params.csv
3_output.csv
3_params.csv
4_output.csv
4_params.csv
5_output.csv
5_params.csv
6_output.csv
6_params.csv
7_output.csv
7_params.csv
8_output.csv
8_params.csv
9_output.csv
9_params.csv

sent 11.63K bytes  received 434 bytes  24.13K bytes/sec
total size is 19.73K  speedup is 1.64
SLURM DONE
