SLURM STARTED at Mon Jul  6 05:44:15 PM CEST 2026
node21
Sourcing conda...
Activating env...
Conda activated successfully
/home/users/chancock/OGGM_repo/oggm/oggm/sandbox/sensitvity_SAFE/glacier_outs/prior/RGI60-06.00377/4_output.csv
Output missing for index 4
/home/users/chancock/OGGM_repo/oggm/oggm/sandbox/sensitvity_SAFE/glacier_outs/prior/RGI60-06.00377/5_output.csv
Output missing for index 5
/home/users/chancock/OGGM_repo/oggm/oggm/sandbox/sensitvity_SAFE/glacier_outs/prior/RGI60-06.00377/6_output.csv
Output missing for index 6
/home/users/chancock/OGGM_repo/oggm/oggm/sandbox/sensitvity_SAFE/glacier_outs/prior/RGI60-06.00377/10_output.csv
Output missing for index 10
/home/users/chancock/OGGM_repo/oggm/oggm/sandbox/sensitvity_SAFE/glacier_outs/prior/RGI60-06.00377/11_output.csv
Output missing for index 11
/home/users/chancock/OGGM_repo/oggm/oggm/sandbox/sensitvity_SAFE/glacier_outs/prior/RGI60-06.00377/13_output.csv
Output missing for index 13
/home/users/chancock/OGGM_repo/oggm/oggm/sandbox/sensitvity_SAFE/glacier_outs/prior/RGI60-06.00377/16_output.csv
Output missing for index 16
/home/users/chancock/OGGM_repo/oggm/oggm/sandbox/sensitvity_SAFE/glacier_outs/prior/RGI60-06.00377/17_output.csv
Output missing for index 17
/home/users/chancock/OGGM_repo/oggm/oggm/sandbox/sensitvity_SAFE/glacier_outs/prior/RGI60-06.00377/18_output.csv
Output missing for index 18
/home/users/chancock/OGGM_repo/oggm/oggm/sandbox/sensitvity_SAFE/glacier_outs/prior/RGI60-06.00377/19_output.csv
Output missing for index 19
/home/users/chancock/OGGM_repo/oggm/oggm/sandbox/sensitvity_SAFE/glacier_outs/prior/RGI60-06.00377/20_output.csv
Output missing for index 20
/home/users/chancock/OGGM_repo/oggm/oggm/sandbox/sensitvity_SAFE/glacier_outs/prior/RGI60-06.00377/21_output.csv
Output missing for index 21
/home/users/chancock/OGGM_repo/oggm/oggm/sandbox/sensitvity_SAFE/glacier_outs/prior/RGI60-06.00377/22_output.csv
Output missing for index 22
/home/users/chancock/OGGM_repo/oggm/oggm/sandbox/sensitvity_SAFE/glacier_outs/prior/RGI60-06.00377/24_output.csv
Output missing for index 24
/home/users/chancock/OGGM_repo/oggm/oggm/sandbox/sensitvity_SAFE/glacier_outs/prior/RGI60-06.00377/27_output.csv
Output missing for index 27
/home/users/chancock/OGGM_repo/oggm/oggm/sandbox/sensitvity_SAFE/glacier_outs/prior/RGI60-06.00377/31_output.csv
Output missing for index 31
/home/users/chancock/OGGM_repo/oggm/oggm/sandbox/sensitvity_SAFE/glacier_outs/prior/RGI60-06.00377/32_output.csv
Output missing for index 32
/home/users/chancock/OGGM_repo/oggm/oggm/sandbox/sensitvity_SAFE/glacier_outs/prior/RGI60-06.00377/33_output.csv
Output missing for index 33
/home/users/chancock/OGGM_repo/oggm/oggm/sandbox/sensitvity_SAFE/glacier_outs/prior/RGI60-06.00377/35_output.csv
Output missing for index 35
/home/users/chancock/OGGM_repo/oggm/oggm/sandbox/sensitvity_SAFE/glacier_outs/prior/RGI60-06.00377/40_output.csv
Output missing for index 40
/home/users/chancock/OGGM_repo/oggm/oggm/sandbox/sensitvity_SAFE/glacier_outs/prior/RGI60-06.00377/41_output.csv
Output missing for index 41
/home/users/chancock/OGGM_repo/oggm/oggm/sandbox/sensitvity_SAFE/glacier_outs/prior/RGI60-06.00377/43_output.csv
Output missing for index 43
/home/users/chancock/OGGM_repo/oggm/oggm/sandbox/sensitvity_SAFE/glacier_outs/prior/RGI60-06.00377/47_output.csv
Output missing for index 47
/home/users/chancock/OGGM_repo/oggm/oggm/sandbox/sensitvity_SAFE/glacier_outs/prior/RGI60-06.00377/48_output.csv
Output missing for index 48
/home/users/chancock/OGGM_repo/oggm/oggm/sandbox/sensitvity_SAFE/glacier_outs/prior/RGI60-06.00377/49_output.csv
Output missing for index 49
/home/users/chancock/OGGM_repo/oggm/oggm/sandbox/sensitvity_SAFE/glacier_outs/prior/RGI60-06.00377/51_output.csv
Output missing for index 51
/home/users/chancock/OGGM_repo/oggm/oggm/sandbox/sensitvity_SAFE/glacier_outs/prior/RGI60-06.00377/56_output.csv
Output missing for index 56
/home/users/chancock/OGGM_repo/oggm/oggm/sandbox/sensitvity_SAFE/glacier_outs/prior/RGI60-06.00377/59_output.csv
Output missing for index 59
/home/users/chancock/OGGM_repo/oggm/oggm/sandbox/sensitvity_SAFE/glacier_outs/prior/RGI60-06.00377/66_output.csv
Output missing for index 66
/home/users/chancock/OGGM_repo/oggm/oggm/sandbox/sensitvity_SAFE/glacier_outs/prior/RGI60-06.00377/67_output.csv
Output missing for index 67
/home/users/chancock/OGGM_repo/oggm/oggm/sandbox/sensitvity_SAFE/glacier_outs/prior/RGI60-06.00377/70_output.csv
Output missing for index 70
/home/users/chancock/OGGM_repo/oggm/oggm/sandbox/sensitvity_SAFE/glacier_outs/prior/RGI60-06.00377/74_output.csv
Output missing for index 74
/home/users/chancock/OGGM_repo/oggm/oggm/sandbox/sensitvity_SAFE/glacier_outs/prior/RGI60-06.00377/79_output.csv
Output missing for index 79
/home/users/chancock/OGGM_repo/oggm/oggm/sandbox/sensitvity_SAFE/glacier_outs/prior/RGI60-06.00377/80_output.csv
Output missing for index 80
/home/users/chancock/OGGM_repo/oggm/oggm/sandbox/sensitvity_SAFE/glacier_outs/prior/RGI60-06.00377/81_output.csv
Output missing for index 81
/home/users/chancock/OGGM_repo/oggm/oggm/sandbox/sensitvity_SAFE/glacier_outs/prior/RGI60-06.00377/87_output.csv
Output missing for index 87
/home/users/chancock/OGGM_repo/oggm/oggm/sandbox/sensitvity_SAFE/glacier_outs/prior/RGI60-06.00377/90_output.csv
Output missing for index 90
/home/users/chancock/OGGM_repo/oggm/oggm/sandbox/sensitvity_SAFE/glacier_outs/prior/RGI60-06.00377/92_output.csv
Output missing for index 92
/home/users/chancock/OGGM_repo/oggm/oggm/sandbox/sensitvity_SAFE/glacier_outs/prior/RGI60-06.00377/94_output.csv
Output missing for index 94
/home/users/chancock/OGGM_repo/oggm/oggm/sandbox/sensitvity_SAFE/glacier_outs/prior/RGI60-06.00377/95_output.csv
Output missing for index 95
/home/users/chancock/OGGM_repo/oggm/oggm/sandbox/sensitvity_SAFE/glacier_outs/prior/RGI60-06.00377/99_output.csv
Output missing for index 99
/home/users/chancock/OGGM_repo/oggm/oggm/sandbox/sensitvity_SAFE/glacier_outs/prior/RGI60-06.00377/101_output.csv
Output missing for index 101
/home/users/chancock/OGGM_repo/oggm/oggm/sandbox/sensitvity_SAFE/glacier_outs/prior/RGI60-06.00377/102_output.csv
Output missing for index 102
/home/users/chancock/OGGM_repo/oggm/oggm/sandbox/sensitvity_SAFE/glacier_outs/prior/RGI60-06.00377/103_output.csv
Output missing for index 103
/home/users/chancock/OGGM_repo/oggm/oggm/sandbox/sensitvity_SAFE/glacier_outs/prior/RGI60-06.00377/105_output.csv
Output missing for index 105
/home/users/chancock/OGGM_repo/oggm/oggm/sandbox/sensitvity_SAFE/glacier_outs/prior/RGI60-06.00377/108_output.csv
Output missing for index 108
/home/users/chancock/OGGM_repo/oggm/oggm/sandbox/sensitvity_SAFE/glacier_outs/prior/RGI60-06.00377/109_output.csv
Output missing for index 109
/home/users/chancock/OGGM_repo/oggm/oggm/sandbox/sensitvity_SAFE/glacier_outs/prior/RGI60-06.00377/110_output.csv
Output missing for index 110
/home/users/chancock/OGGM_repo/oggm/oggm/sandbox/sensitvity_SAFE/glacier_outs/prior/RGI60-06.00377/112_output.csv
Output missing for index 112
/home/users/chancock/OGGM_repo/oggm/oggm/sandbox/sensitvity_SAFE/glacier_outs/prior/RGI60-06.00377/115_output.csv
Output missing for index 115
/home/users/chancock/OGGM_repo/oggm/oggm/sandbox/sensitvity_SAFE/glacier_outs/prior/RGI60-06.00377/116_output.csv
Output missing for index 116
/home/users/chancock/OGGM_repo/oggm/oggm/sandbox/sensitvity_SAFE/glacier_outs/prior/RGI60-06.00377/117_output.csv
Output missing for index 117
/home/users/chancock/OGGM_repo/oggm/oggm/sandbox/sensitvity_SAFE/glacier_outs/prior/RGI60-06.00377/118_output.csv
Output missing for index 118
/home/users/chancock/OGGM_repo/oggm/oggm/sandbox/sensitvity_SAFE/glacier_outs/prior/RGI60-06.00377/124_output.csv
Output missing for index 124
/home/users/chancock/OGGM_repo/oggm/oggm/sandbox/sensitvity_SAFE/glacier_outs/prior/RGI60-06.00377/128_output.csv
Output missing for index 128
/home/users/chancock/OGGM_repo/oggm/oggm/sandbox/sensitvity_SAFE/glacier_outs/prior/RGI60-06.00377/130_output.csv
Output missing for index 130
/home/users/chancock/OGGM_repo/oggm/oggm/sandbox/sensitvity_SAFE/glacier_outs/prior/RGI60-06.00377/131_output.csv
Output missing for index 131
/home/users/chancock/OGGM_repo/oggm/oggm/sandbox/sensitvity_SAFE/glacier_outs/prior/RGI60-06.00377/133_output.csv
Output missing for index 133
/home/users/chancock/OGGM_repo/oggm/oggm/sandbox/sensitvity_SAFE/glacier_outs/prior/RGI60-06.00377/135_output.csv
Output missing for index 135
/home/users/chancock/OGGM_repo/oggm/oggm/sandbox/sensitvity_SAFE/glacier_outs/prior/RGI60-06.00377/137_output.csv
Output missing for index 137
/home/users/chancock/OGGM_repo/oggm/oggm/sandbox/sensitvity_SAFE/glacier_outs/prior/RGI60-06.00377/138_output.csv
Output missing for index 138
/home/users/chancock/OGGM_repo/oggm/oggm/sandbox/sensitvity_SAFE/glacier_outs/prior/RGI60-06.00377/143_output.csv
Output missing for index 143
/home/users/chancock/OGGM_repo/oggm/oggm/sandbox/sensitvity_SAFE/glacier_outs/prior/RGI60-06.00377/146_output.csv
Output missing for index 146
/home/users/chancock/OGGM_repo/oggm/oggm/sandbox/sensitvity_SAFE/glacier_outs/prior/RGI60-06.00377/147_output.csv
Output missing for index 147
/home/users/chancock/OGGM_repo/oggm/oggm/sandbox/sensitvity_SAFE/glacier_outs/prior/RGI60-06.00377/151_output.csv
Output missing for index 151
/home/users/chancock/OGGM_repo/oggm/oggm/sandbox/sensitvity_SAFE/glacier_outs/prior/RGI60-06.00377/152_output.csv
Output missing for index 152
/home/users/chancock/OGGM_repo/oggm/oggm/sandbox/sensitvity_SAFE/glacier_outs/prior/RGI60-06.00377/153_output.csv
Output missing for index 153
/home/users/chancock/OGGM_repo/oggm/oggm/sandbox/sensitvity_SAFE/glacier_outs/prior/RGI60-06.00377/154_output.csv
Output missing for index 154
/home/users/chancock/OGGM_repo/oggm/oggm/sandbox/sensitvity_SAFE/glacier_outs/prior/RGI60-06.00377/156_output.csv
Output missing for index 156
/home/users/chancock/OGGM_repo/oggm/oggm/sandbox/sensitvity_SAFE/glacier_outs/prior/RGI60-06.00377/158_output.csv
Output missing for index 158
/home/users/chancock/OGGM_repo/oggm/oggm/sandbox/sensitvity_SAFE/glacier_outs/prior/RGI60-06.00377/160_output.csv
Output missing for index 160
/home/users/chancock/OGGM_repo/oggm/oggm/sandbox/sensitvity_SAFE/glacier_outs/prior/RGI60-06.00377/163_output.csv
Output missing for index 163
/home/users/chancock/OGGM_repo/oggm/oggm/sandbox/sensitvity_SAFE/glacier_outs/prior/RGI60-06.00377/165_output.csv
Output missing for index 165
/home/users/chancock/OGGM_repo/oggm/oggm/sandbox/sensitvity_SAFE/glacier_outs/prior/RGI60-06.00377/166_output.csv
Output missing for index 166
/home/users/chancock/OGGM_repo/oggm/oggm/sandbox/sensitvity_SAFE/glacier_outs/prior/RGI60-06.00377/170_output.csv
Output missing for index 170
/home/users/chancock/OGGM_repo/oggm/oggm/sandbox/sensitvity_SAFE/glacier_outs/prior/RGI60-06.00377/172_output.csv
Output missing for index 172
/home/users/chancock/OGGM_repo/oggm/oggm/sandbox/sensitvity_SAFE/glacier_outs/prior/RGI60-06.00377/173_output.csv
Output missing for index 173
/home/users/chancock/OGGM_repo/oggm/oggm/sandbox/sensitvity_SAFE/glacier_outs/prior/RGI60-06.00377/174_output.csv
Output missing for index 174
/home/users/chancock/OGGM_repo/oggm/oggm/sandbox/sensitvity_SAFE/glacier_outs/prior/RGI60-06.00377/175_output.csv
Output missing for index 175
/home/users/chancock/OGGM_repo/oggm/oggm/sandbox/sensitvity_SAFE/glacier_outs/prior/RGI60-06.00377/176_output.csv
Output missing for index 176
/home/users/chancock/OGGM_repo/oggm/oggm/sandbox/sensitvity_SAFE/glacier_outs/prior/RGI60-06.00377/179_output.csv
Output missing for index 179
/home/users/chancock/OGGM_repo/oggm/oggm/sandbox/sensitvity_SAFE/glacier_outs/prior/RGI60-06.00377/180_output.csv
Output missing for index 180
/home/users/chancock/OGGM_repo/oggm/oggm/sandbox/sensitvity_SAFE/glacier_outs/prior/RGI60-06.00377/184_output.csv
Output missing for index 184
/home/users/chancock/OGGM_repo/oggm/oggm/sandbox/sensitvity_SAFE/glacier_outs/prior/RGI60-06.00377/185_output.csv
Output missing for index 185
/home/users/chancock/OGGM_repo/oggm/oggm/sandbox/sensitvity_SAFE/glacier_outs/prior/RGI60-06.00377/188_output.csv
Output missing for index 188
/home/users/chancock/OGGM_repo/oggm/oggm/sandbox/sensitvity_SAFE/glacier_outs/prior/RGI60-06.00377/190_output.csv
Output missing for index 190
/home/users/chancock/OGGM_repo/oggm/oggm/sandbox/sensitvity_SAFE/glacier_outs/prior/RGI60-06.00377/193_output.csv
Output missing for index 193
/home/users/chancock/OGGM_repo/oggm/oggm/sandbox/sensitvity_SAFE/glacier_outs/prior/RGI60-06.00377/195_output.csv
Output missing for index 195
/home/users/chancock/OGGM_repo/oggm/oggm/sandbox/sensitvity_SAFE/glacier_outs/prior/RGI60-06.00377/204_output.csv
Output missing for index 204
/home/users/chancock/OGGM_repo/oggm/oggm/sandbox/sensitvity_SAFE/glacier_outs/prior/RGI60-06.00377/210_output.csv
Output missing for index 210
/home/users/chancock/OGGM_repo/oggm/oggm/sandbox/sensitvity_SAFE/glacier_outs/prior/RGI60-06.00377/211_output.csv
Output missing for index 211
/home/users/chancock/OGGM_repo/oggm/oggm/sandbox/sensitvity_SAFE/glacier_outs/prior/RGI60-06.00377/214_output.csv
Output missing for index 214
/home/users/chancock/OGGM_repo/oggm/oggm/sandbox/sensitvity_SAFE/glacier_outs/prior/RGI60-06.00377/218_output.csv
Output missing for index 218
/home/users/chancock/OGGM_repo/oggm/oggm/sandbox/sensitvity_SAFE/glacier_outs/prior/RGI60-06.00377/227_output.csv
Output missing for index 227
/home/users/chancock/OGGM_repo/oggm/oggm/sandbox/sensitvity_SAFE/glacier_outs/prior/RGI60-06.00377/228_output.csv
Output missing for index 228
/home/users/chancock/OGGM_repo/oggm/oggm/sandbox/sensitvity_SAFE/glacier_outs/prior/RGI60-06.00377/230_output.csv
Output missing for index 230
/home/users/chancock/OGGM_repo/oggm/oggm/sandbox/sensitvity_SAFE/glacier_outs/prior/RGI60-06.00377/233_output.csv
Output missing for index 233
/home/users/chancock/OGGM_repo/oggm/oggm/sandbox/sensitvity_SAFE/glacier_outs/prior/RGI60-06.00377/234_output.csv
Output missing for index 234
/home/users/chancock/OGGM_repo/oggm/oggm/sandbox/sensitvity_SAFE/glacier_outs/prior/RGI60-06.00377/236_output.csv
Output missing for index 236
/home/users/chancock/OGGM_repo/oggm/oggm/sandbox/sensitvity_SAFE/glacier_outs/prior/RGI60-06.00377/240_output.csv
Output missing for index 240
/home/users/chancock/OGGM_repo/oggm/oggm/sandbox/sensitvity_SAFE/glacier_outs/prior/RGI60-06.00377/242_output.csv
Output missing for index 242
/home/users/chancock/OGGM_repo/oggm/oggm/sandbox/sensitvity_SAFE/glacier_outs/prior/RGI60-06.00377/244_output.csv
Output missing for index 244
/home/users/chancock/OGGM_repo/oggm/oggm/sandbox/sensitvity_SAFE/glacier_outs/prior/RGI60-06.00377/245_output.csv
Output missing for index 245
/home/users/chancock/OGGM_repo/oggm/oggm/sandbox/sensitvity_SAFE/glacier_outs/prior/RGI60-06.00377/246_output.csv
Output missing for index 246
/home/users/chancock/OGGM_repo/oggm/oggm/sandbox/sensitvity_SAFE/glacier_outs/prior/RGI60-06.00377/247_output.csv
Output missing for index 247
/home/users/chancock/OGGM_repo/oggm/oggm/sandbox/sensitvity_SAFE/glacier_outs/prior/RGI60-06.00377/258_output.csv
Output missing for index 258
/home/users/chancock/OGGM_repo/oggm/oggm/sandbox/sensitvity_SAFE/glacier_outs/prior/RGI60-06.00377/259_output.csv
Output missing for index 259
/home/users/chancock/OGGM_repo/oggm/oggm/sandbox/sensitvity_SAFE/glacier_outs/prior/RGI60-06.00377/260_output.csv
Output missing for index 260
/home/users/chancock/OGGM_repo/oggm/oggm/sandbox/sensitvity_SAFE/glacier_outs/prior/RGI60-06.00377/261_output.csv
Output missing for index 261
/home/users/chancock/OGGM_repo/oggm/oggm/sandbox/sensitvity_SAFE/glacier_outs/prior/RGI60-06.00377/263_output.csv
Output missing for index 263
/home/users/chancock/OGGM_repo/oggm/oggm/sandbox/sensitvity_SAFE/glacier_outs/prior/RGI60-06.00377/274_output.csv
Output missing for index 274
/home/users/chancock/OGGM_repo/oggm/oggm/sandbox/sensitvity_SAFE/glacier_outs/prior/RGI60-06.00377/276_output.csv
Output missing for index 276
/home/users/chancock/OGGM_repo/oggm/oggm/sandbox/sensitvity_SAFE/glacier_outs/prior/RGI60-06.00377/277_output.csv
Output missing for index 277
/home/users/chancock/OGGM_repo/oggm/oggm/sandbox/sensitvity_SAFE/glacier_outs/prior/RGI60-06.00377/278_output.csv
Output missing for index 278
/home/users/chancock/OGGM_repo/oggm/oggm/sandbox/sensitvity_SAFE/glacier_outs/prior/RGI60-06.00377/285_output.csv
Output missing for index 285
/home/users/chancock/OGGM_repo/oggm/oggm/sandbox/sensitvity_SAFE/glacier_outs/prior/RGI60-06.00377/287_output.csv
Output missing for index 287
/home/users/chancock/OGGM_repo/oggm/oggm/sandbox/sensitvity_SAFE/glacier_outs/prior/RGI60-06.00377/292_output.csv
Output missing for index 292
/home/users/chancock/OGGM_repo/oggm/oggm/sandbox/sensitvity_SAFE/glacier_outs/prior/RGI60-06.00377/294_output.csv
Output missing for index 294
/home/users/chancock/OGGM_repo/oggm/oggm/sandbox/sensitvity_SAFE/glacier_outs/prior/RGI60-06.00377/296_output.csv
Output missing for index 296
/home/users/chancock/OGGM_repo/oggm/oggm/sandbox/sensitvity_SAFE/glacier_outs/prior/RGI60-06.00377/300_output.csv
Output missing for index 300
/home/users/chancock/OGGM_repo/oggm/oggm/sandbox/sensitvity_SAFE/glacier_outs/prior/RGI60-06.00377/303_output.csv
Output missing for index 303
/home/users/chancock/OGGM_repo/oggm/oggm/sandbox/sensitvity_SAFE/glacier_outs/prior/RGI60-06.00377/304_output.csv
Output missing for index 304
/home/users/chancock/OGGM_repo/oggm/oggm/sandbox/sensitvity_SAFE/glacier_outs/prior/RGI60-06.00377/305_output.csv
Output missing for index 305
/home/users/chancock/OGGM_repo/oggm/oggm/sandbox/sensitvity_SAFE/glacier_outs/prior/RGI60-06.00377/306_output.csv
Output missing for index 306
/home/users/chancock/OGGM_repo/oggm/oggm/sandbox/sensitvity_SAFE/glacier_outs/prior/RGI60-06.00377/307_output.csv
Output missing for index 307
/home/users/chancock/OGGM_repo/oggm/oggm/sandbox/sensitvity_SAFE/glacier_outs/prior/RGI60-06.00377/308_output.csv
Output missing for index 308
/home/users/chancock/OGGM_repo/oggm/oggm/sandbox/sensitvity_SAFE/glacier_outs/prior/RGI60-06.00377/309_output.csv
Output missing for index 309
/home/users/chancock/OGGM_repo/oggm/oggm/sandbox/sensitvity_SAFE/glacier_outs/prior/RGI60-06.00377/310_output.csv
Output missing for index 310
/home/users/chancock/OGGM_repo/oggm/oggm/sandbox/sensitvity_SAFE/glacier_outs/prior/RGI60-06.00377/313_output.csv
Output missing for index 313
/home/users/chancock/OGGM_repo/oggm/oggm/sandbox/sensitvity_SAFE/glacier_outs/prior/RGI60-06.00377/325_output.csv
Output missing for index 325
/home/users/chancock/OGGM_repo/oggm/oggm/sandbox/sensitvity_SAFE/glacier_outs/prior/RGI60-06.00377/328_output.csv
Output missing for index 328
/home/users/chancock/OGGM_repo/oggm/oggm/sandbox/sensitvity_SAFE/glacier_outs/prior/RGI60-06.00377/329_output.csv
Output missing for index 329
/home/users/chancock/OGGM_repo/oggm/oggm/sandbox/sensitvity_SAFE/glacier_outs/prior/RGI60-06.00377/330_output.csv
Output missing for index 330
/home/users/chancock/OGGM_repo/oggm/oggm/sandbox/sensitvity_SAFE/glacier_outs/prior/RGI60-06.00377/333_output.csv
Output missing for index 333
/home/users/chancock/OGGM_repo/oggm/oggm/sandbox/sensitvity_SAFE/glacier_outs/prior/RGI60-06.00377/336_output.csv
Output missing for index 336
/home/users/chancock/OGGM_repo/oggm/oggm/sandbox/sensitvity_SAFE/glacier_outs/prior/RGI60-06.00377/337_output.csv
Output missing for index 337
/home/users/chancock/OGGM_repo/oggm/oggm/sandbox/sensitvity_SAFE/glacier_outs/prior/RGI60-06.00377/338_output.csv
Output missing for index 338
/home/users/chancock/OGGM_repo/oggm/oggm/sandbox/sensitvity_SAFE/glacier_outs/prior/RGI60-06.00377/339_output.csv
Output missing for index 339
/home/users/chancock/OGGM_repo/oggm/oggm/sandbox/sensitvity_SAFE/glacier_outs/prior/RGI60-06.00377/340_output.csv
Output missing for index 340
/home/users/chancock/OGGM_repo/oggm/oggm/sandbox/sensitvity_SAFE/glacier_outs/prior/RGI60-06.00377/342_output.csv
Output missing for index 342
/home/users/chancock/OGGM_repo/oggm/oggm/sandbox/sensitvity_SAFE/glacier_outs/prior/RGI60-06.00377/346_output.csv
Output missing for index 346
/home/users/chancock/OGGM_repo/oggm/oggm/sandbox/sensitvity_SAFE/glacier_outs/prior/RGI60-06.00377/348_output.csv
Output missing for index 348
/home/users/chancock/OGGM_repo/oggm/oggm/sandbox/sensitvity_SAFE/glacier_outs/prior/RGI60-06.00377/349_output.csv
Output missing for index 349
/home/users/chancock/OGGM_repo/oggm/oggm/sandbox/sensitvity_SAFE/glacier_outs/prior/RGI60-06.00377/354_output.csv
Output missing for index 354
/home/users/chancock/OGGM_repo/oggm/oggm/sandbox/sensitvity_SAFE/glacier_outs/prior/RGI60-06.00377/355_output.csv
Output missing for index 355
/home/users/chancock/OGGM_repo/oggm/oggm/sandbox/sensitvity_SAFE/glacier_outs/prior/RGI60-06.00377/356_output.csv
Output missing for index 356
/home/users/chancock/OGGM_repo/oggm/oggm/sandbox/sensitvity_SAFE/glacier_outs/prior/RGI60-06.00377/358_output.csv
Output missing for index 358
/home/users/chancock/OGGM_repo/oggm/oggm/sandbox/sensitvity_SAFE/glacier_outs/prior/RGI60-06.00377/360_output.csv
Output missing for index 360
/home/users/chancock/OGGM_repo/oggm/oggm/sandbox/sensitvity_SAFE/glacier_outs/prior/RGI60-06.00377/365_output.csv
Output missing for index 365
/home/users/chancock/OGGM_repo/oggm/oggm/sandbox/sensitvity_SAFE/glacier_outs/prior/RGI60-06.00377/370_output.csv
Output missing for index 370
/home/users/chancock/OGGM_repo/oggm/oggm/sandbox/sensitvity_SAFE/glacier_outs/prior/RGI60-06.00377/371_output.csv
Output missing for index 371
/home/users/chancock/OGGM_repo/oggm/oggm/sandbox/sensitvity_SAFE/glacier_outs/prior/RGI60-06.00377/372_output.csv
Output missing for index 372
/home/users/chancock/OGGM_repo/oggm/oggm/sandbox/sensitvity_SAFE/glacier_outs/prior/RGI60-06.00377/373_output.csv
Output missing for index 373
/home/users/chancock/OGGM_repo/oggm/oggm/sandbox/sensitvity_SAFE/glacier_outs/prior/RGI60-06.00377/374_output.csv
Output missing for index 374
/home/users/chancock/OGGM_repo/oggm/oggm/sandbox/sensitvity_SAFE/glacier_outs/prior/RGI60-06.00377/377_output.csv
Output missing for index 377
/home/users/chancock/OGGM_repo/oggm/oggm/sandbox/sensitvity_SAFE/glacier_outs/prior/RGI60-06.00377/378_output.csv
Output missing for index 378
/home/users/chancock/OGGM_repo/oggm/oggm/sandbox/sensitvity_SAFE/glacier_outs/prior/RGI60-06.00377/384_output.csv
Output missing for index 384
/home/users/chancock/OGGM_repo/oggm/oggm/sandbox/sensitvity_SAFE/glacier_outs/prior/RGI60-06.00377/388_output.csv
Output missing for index 388
/home/users/chancock/OGGM_repo/oggm/oggm/sandbox/sensitvity_SAFE/glacier_outs/prior/RGI60-06.00377/390_output.csv
Output missing for index 390
/home/users/chancock/OGGM_repo/oggm/oggm/sandbox/sensitvity_SAFE/glacier_outs/prior/RGI60-06.00377/392_output.csv
Output missing for index 392
/home/users/chancock/OGGM_repo/oggm/oggm/sandbox/sensitvity_SAFE/glacier_outs/prior/RGI60-06.00377/394_output.csv
Output missing for index 394
/home/users/chancock/OGGM_repo/oggm/oggm/sandbox/sensitvity_SAFE/glacier_outs/prior/RGI60-06.00377/396_output.csv
Output missing for index 396
/home/users/chancock/OGGM_repo/oggm/oggm/sandbox/sensitvity_SAFE/glacier_outs/prior/RGI60-06.00377/397_output.csv
Output missing for index 397
/home/users/chancock/OGGM_repo/oggm/oggm/sandbox/sensitvity_SAFE/glacier_outs/prior/RGI60-06.00377/398_output.csv
Output missing for index 398
/home/users/chancock/OGGM_repo/oggm/oggm/sandbox/sensitvity_SAFE/glacier_outs/prior/RGI60-06.00377/399_output.csv
Output missing for index 399
/home/users/chancock/OGGM_repo/oggm/oggm/sandbox/sensitvity_SAFE/glacier_outs/prior/RGI60-06.00377/405_output.csv
Output missing for index 405
/home/users/chancock/OGGM_repo/oggm/oggm/sandbox/sensitvity_SAFE/glacier_outs/prior/RGI60-06.00377/406_output.csv
Output missing for index 406
/home/users/chancock/OGGM_repo/oggm/oggm/sandbox/sensitvity_SAFE/glacier_outs/prior/RGI60-06.00377/409_output.csv
Output missing for index 409
/home/users/chancock/OGGM_repo/oggm/oggm/sandbox/sensitvity_SAFE/glacier_outs/prior/RGI60-06.00377/411_output.csv
Output missing for index 411
/home/users/chancock/OGGM_repo/oggm/oggm/sandbox/sensitvity_SAFE/glacier_outs/prior/RGI60-06.00377/413_output.csv
Output missing for index 413
/home/users/chancock/OGGM_repo/oggm/oggm/sandbox/sensitvity_SAFE/glacier_outs/prior/RGI60-06.00377/415_output.csv
Output missing for index 415
/home/users/chancock/OGGM_repo/oggm/oggm/sandbox/sensitvity_SAFE/glacier_outs/prior/RGI60-06.00377/416_output.csv
Output missing for index 416
/home/users/chancock/OGGM_repo/oggm/oggm/sandbox/sensitvity_SAFE/glacier_outs/prior/RGI60-06.00377/417_output.csv
Output missing for index 417
/home/users/chancock/OGGM_repo/oggm/oggm/sandbox/sensitvity_SAFE/glacier_outs/prior/RGI60-06.00377/418_output.csv
Output missing for index 418
/home/users/chancock/OGGM_repo/oggm/oggm/sandbox/sensitvity_SAFE/glacier_outs/prior/RGI60-06.00377/420_output.csv
Output missing for index 420
/home/users/chancock/OGGM_repo/oggm/oggm/sandbox/sensitvity_SAFE/glacier_outs/prior/RGI60-06.00377/422_output.csv
Output missing for index 422
/home/users/chancock/OGGM_repo/oggm/oggm/sandbox/sensitvity_SAFE/glacier_outs/prior/RGI60-06.00377/423_output.csv
Output missing for index 423
/home/users/chancock/OGGM_repo/oggm/oggm/sandbox/sensitvity_SAFE/glacier_outs/prior/RGI60-06.00377/427_output.csv
Output missing for index 427
/home/users/chancock/OGGM_repo/oggm/oggm/sandbox/sensitvity_SAFE/glacier_outs/prior/RGI60-06.00377/429_output.csv
Output missing for index 429
/home/users/chancock/OGGM_repo/oggm/oggm/sandbox/sensitvity_SAFE/glacier_outs/prior/RGI60-06.00377/430_output.csv
Output missing for index 430
/home/users/chancock/OGGM_repo/oggm/oggm/sandbox/sensitvity_SAFE/glacier_outs/prior/RGI60-06.00377/431_output.csv
Output missing for index 431
/home/users/chancock/OGGM_repo/oggm/oggm/sandbox/sensitvity_SAFE/glacier_outs/prior/RGI60-06.00377/432_output.csv
Output missing for index 432
/home/users/chancock/OGGM_repo/oggm/oggm/sandbox/sensitvity_SAFE/glacier_outs/prior/RGI60-06.00377/438_output.csv
Output missing for index 438
/home/users/chancock/OGGM_repo/oggm/oggm/sandbox/sensitvity_SAFE/glacier_outs/prior/RGI60-06.00377/440_output.csv
Output missing for index 440
/home/users/chancock/OGGM_repo/oggm/oggm/sandbox/sensitvity_SAFE/glacier_outs/prior/RGI60-06.00377/441_output.csv
Output missing for index 441
/home/users/chancock/OGGM_repo/oggm/oggm/sandbox/sensitvity_SAFE/glacier_outs/prior/RGI60-06.00377/445_output.csv
Output missing for index 445
/home/users/chancock/OGGM_repo/oggm/oggm/sandbox/sensitvity_SAFE/glacier_outs/prior/RGI60-06.00377/446_output.csv
Output missing for index 446
/home/users/chancock/OGGM_repo/oggm/oggm/sandbox/sensitvity_SAFE/glacier_outs/prior/RGI60-06.00377/447_output.csv
Output missing for index 447
/home/users/chancock/OGGM_repo/oggm/oggm/sandbox/sensitvity_SAFE/glacier_outs/prior/RGI60-06.00377/451_output.csv
Output missing for index 451
/home/users/chancock/OGGM_repo/oggm/oggm/sandbox/sensitvity_SAFE/glacier_outs/prior/RGI60-06.00377/452_output.csv
Output missing for index 452
/home/users/chancock/OGGM_repo/oggm/oggm/sandbox/sensitvity_SAFE/glacier_outs/prior/RGI60-06.00377/459_output.csv
Output missing for index 459
/home/users/chancock/OGGM_repo/oggm/oggm/sandbox/sensitvity_SAFE/glacier_outs/prior/RGI60-06.00377/463_output.csv
Output missing for index 463
/home/users/chancock/OGGM_repo/oggm/oggm/sandbox/sensitvity_SAFE/glacier_outs/prior/RGI60-06.00377/465_output.csv
Output missing for index 465
/home/users/chancock/OGGM_repo/oggm/oggm/sandbox/sensitvity_SAFE/glacier_outs/prior/RGI60-06.00377/469_output.csv
Output missing for index 469
/home/users/chancock/OGGM_repo/oggm/oggm/sandbox/sensitvity_SAFE/glacier_outs/prior/RGI60-06.00377/471_output.csv
Output missing for index 471
/home/users/chancock/OGGM_repo/oggm/oggm/sandbox/sensitvity_SAFE/glacier_outs/prior/RGI60-06.00377/475_output.csv
Output missing for index 475
/home/users/chancock/OGGM_repo/oggm/oggm/sandbox/sensitvity_SAFE/glacier_outs/prior/RGI60-06.00377/480_output.csv
Output missing for index 480
/home/users/chancock/OGGM_repo/oggm/oggm/sandbox/sensitvity_SAFE/glacier_outs/prior/RGI60-06.00377/482_output.csv
Output missing for index 482
/home/users/chancock/OGGM_repo/oggm/oggm/sandbox/sensitvity_SAFE/glacier_outs/prior/RGI60-06.00377/487_output.csv
Output missing for index 487
/home/users/chancock/OGGM_repo/oggm/oggm/sandbox/sensitvity_SAFE/glacier_outs/prior/RGI60-06.00377/490_output.csv
Output missing for index 490
/home/users/chancock/OGGM_repo/oggm/oggm/sandbox/sensitvity_SAFE/glacier_outs/prior/RGI60-06.00377/491_output.csv
Output missing for index 491
/home/users/chancock/OGGM_repo/oggm/oggm/sandbox/sensitvity_SAFE/glacier_outs/prior/RGI60-06.00377/494_output.csv
Output missing for index 494
/home/users/chancock/OGGM_repo/oggm/oggm/sandbox/sensitvity_SAFE/glacier_outs/prior/RGI60-06.00377/495_output.csv
Output missing for index 495
/home/users/chancock/OGGM_repo/oggm/oggm/sandbox/sensitvity_SAFE/glacier_outs/prior/RGI60-06.00377/498_output.csv
Output missing for index 498
/home/users/chancock/OGGM_repo/oggm/oggm/sandbox/sensitvity_SAFE/glacier_outs/prior/RGI60-06.00377/502_output.csv
Output missing for index 502
/home/users/chancock/OGGM_repo/oggm/oggm/sandbox/sensitvity_SAFE/glacier_outs/prior/RGI60-06.00377/503_output.csv
Output missing for index 503
/home/users/chancock/OGGM_repo/oggm/oggm/sandbox/sensitvity_SAFE/glacier_outs/prior/RGI60-06.00377/504_output.csv
Output missing for index 504
/home/users/chancock/OGGM_repo/oggm/oggm/sandbox/sensitvity_SAFE/glacier_outs/prior/RGI60-06.00377/509_output.csv
Output missing for index 509
/home/users/chancock/OGGM_repo/oggm/oggm/sandbox/sensitvity_SAFE/glacier_outs/prior/RGI60-06.00377/511_output.csv
Output missing for index 511
/home/users/chancock/OGGM_repo/oggm/oggm/sandbox/sensitvity_SAFE/glacier_outs/prior/RGI60-06.00377/515_output.csv
Output missing for index 515
/home/users/chancock/OGGM_repo/oggm/oggm/sandbox/sensitvity_SAFE/glacier_outs/prior/RGI60-06.00377/516_output.csv
Output missing for index 516
/home/users/chancock/OGGM_repo/oggm/oggm/sandbox/sensitvity_SAFE/glacier_outs/prior/RGI60-06.00377/519_output.csv
Output missing for index 519
/home/users/chancock/OGGM_repo/oggm/oggm/sandbox/sensitvity_SAFE/glacier_outs/prior/RGI60-06.00377/527_output.csv
Output missing for index 527
/home/users/chancock/OGGM_repo/oggm/oggm/sandbox/sensitvity_SAFE/glacier_outs/prior/RGI60-06.00377/529_output.csv
Output missing for index 529
/home/users/chancock/OGGM_repo/oggm/oggm/sandbox/sensitvity_SAFE/glacier_outs/prior/RGI60-06.00377/530_output.csv
Output missing for index 530
/home/users/chancock/OGGM_repo/oggm/oggm/sandbox/sensitvity_SAFE/glacier_outs/prior/RGI60-06.00377/531_output.csv
Output missing for index 531
/home/users/chancock/OGGM_repo/oggm/oggm/sandbox/sensitvity_SAFE/glacier_outs/prior/RGI60-06.00377/535_output.csv
Output missing for index 535
/home/users/chancock/OGGM_repo/oggm/oggm/sandbox/sensitvity_SAFE/glacier_outs/prior/RGI60-06.00377/538_output.csv
Output missing for index 538
/home/users/chancock/OGGM_repo/oggm/oggm/sandbox/sensitvity_SAFE/glacier_outs/prior/RGI60-06.00377/541_output.csv
Output missing for index 541
/home/users/chancock/OGGM_repo/oggm/oggm/sandbox/sensitvity_SAFE/glacier_outs/prior/RGI60-06.00377/542_output.csv
Output missing for index 542
/home/users/chancock/OGGM_repo/oggm/oggm/sandbox/sensitvity_SAFE/glacier_outs/prior/RGI60-06.00377/545_output.csv
Output missing for index 545
/home/users/chancock/OGGM_repo/oggm/oggm/sandbox/sensitvity_SAFE/glacier_outs/prior/RGI60-06.00377/546_output.csv
Output missing for index 546
/home/users/chancock/OGGM_repo/oggm/oggm/sandbox/sensitvity_SAFE/glacier_outs/prior/RGI60-06.00377/547_output.csv
Output missing for index 547
/home/users/chancock/OGGM_repo/oggm/oggm/sandbox/sensitvity_SAFE/glacier_outs/prior/RGI60-06.00377/548_output.csv
Output missing for index 548
/home/users/chancock/OGGM_repo/oggm/oggm/sandbox/sensitvity_SAFE/glacier_outs/prior/RGI60-06.00377/551_output.csv
Output missing for index 551
/home/users/chancock/OGGM_repo/oggm/oggm/sandbox/sensitvity_SAFE/glacier_outs/prior/RGI60-06.00377/555_output.csv
Output missing for index 555
/home/users/chancock/OGGM_repo/oggm/oggm/sandbox/sensitvity_SAFE/glacier_outs/prior/RGI60-06.00377/563_output.csv
Output missing for index 563
/home/users/chancock/OGGM_repo/oggm/oggm/sandbox/sensitvity_SAFE/glacier_outs/prior/RGI60-06.00377/573_output.csv
Output missing for index 573
/home/users/chancock/OGGM_repo/oggm/oggm/sandbox/sensitvity_SAFE/glacier_outs/prior/RGI60-06.00377/582_output.csv
Output missing for index 582
/home/users/chancock/OGGM_repo/oggm/oggm/sandbox/sensitvity_SAFE/glacier_outs/prior/RGI60-06.00377/584_output.csv
Output missing for index 584
/home/users/chancock/OGGM_repo/oggm/oggm/sandbox/sensitvity_SAFE/glacier_outs/prior/RGI60-06.00377/587_output.csv
Output missing for index 587
/home/users/chancock/OGGM_repo/oggm/oggm/sandbox/sensitvity_SAFE/glacier_outs/prior/RGI60-06.00377/590_output.csv
Output missing for index 590
/home/users/chancock/OGGM_repo/oggm/oggm/sandbox/sensitvity_SAFE/glacier_outs/prior/RGI60-06.00377/591_output.csv
Output missing for index 591
/home/users/chancock/OGGM_repo/oggm/oggm/sandbox/sensitvity_SAFE/glacier_outs/prior/RGI60-06.00377/592_output.csv
Output missing for index 592
/home/users/chancock/OGGM_repo/oggm/oggm/sandbox/sensitvity_SAFE/glacier_outs/prior/RGI60-06.00377/596_output.csv
Output missing for index 596
/home/users/chancock/OGGM_repo/oggm/oggm/sandbox/sensitvity_SAFE/glacier_outs/prior/RGI60-06.00377/599_output.csv
Output missing for index 599
/home/users/chancock/OGGM_repo/oggm/oggm/sandbox/sensitvity_SAFE/glacier_outs/prior/RGI60-06.00377/602_output.csv
Output missing for index 602
/home/users/chancock/OGGM_repo/oggm/oggm/sandbox/sensitvity_SAFE/glacier_outs/prior/RGI60-06.00377/603_output.csv
Output missing for index 603
/home/users/chancock/OGGM_repo/oggm/oggm/sandbox/sensitvity_SAFE/glacier_outs/prior/RGI60-06.00377/604_output.csv
Output missing for index 604
/home/users/chancock/OGGM_repo/oggm/oggm/sandbox/sensitvity_SAFE/glacier_outs/prior/RGI60-06.00377/606_output.csv
Output missing for index 606
/home/users/chancock/OGGM_repo/oggm/oggm/sandbox/sensitvity_SAFE/glacier_outs/prior/RGI60-06.00377/608_output.csv
Output missing for index 608
/home/users/chancock/OGGM_repo/oggm/oggm/sandbox/sensitvity_SAFE/glacier_outs/prior/RGI60-06.00377/609_output.csv
Output missing for index 609
/home/users/chancock/OGGM_repo/oggm/oggm/sandbox/sensitvity_SAFE/glacier_outs/prior/RGI60-06.00377/612_output.csv
Output missing for index 612
/home/users/chancock/OGGM_repo/oggm/oggm/sandbox/sensitvity_SAFE/glacier_outs/prior/RGI60-06.00377/617_output.csv
Output missing for index 617
/home/users/chancock/OGGM_repo/oggm/oggm/sandbox/sensitvity_SAFE/glacier_outs/prior/RGI60-06.00377/619_output.csv
Output missing for index 619
/home/users/chancock/OGGM_repo/oggm/oggm/sandbox/sensitvity_SAFE/glacier_outs/prior/RGI60-06.00377/620_output.csv
Output missing for index 620
/home/users/chancock/OGGM_repo/oggm/oggm/sandbox/sensitvity_SAFE/glacier_outs/prior/RGI60-06.00377/621_output.csv
Output missing for index 621
/home/users/chancock/OGGM_repo/oggm/oggm/sandbox/sensitvity_SAFE/glacier_outs/prior/RGI60-06.00377/622_output.csv
Output missing for index 622
/home/users/chancock/OGGM_repo/oggm/oggm/sandbox/sensitvity_SAFE/glacier_outs/prior/RGI60-06.00377/631_output.csv
Output missing for index 631
/home/users/chancock/OGGM_repo/oggm/oggm/sandbox/sensitvity_SAFE/glacier_outs/prior/RGI60-06.00377/639_output.csv
Output missing for index 639
/home/users/chancock/OGGM_repo/oggm/oggm/sandbox/sensitvity_SAFE/glacier_outs/prior/RGI60-06.00377/640_output.csv
Output missing for index 640
/home/users/chancock/OGGM_repo/oggm/oggm/sandbox/sensitvity_SAFE/glacier_outs/prior/RGI60-06.00377/641_output.csv
Output missing for index 641
/home/users/chancock/OGGM_repo/oggm/oggm/sandbox/sensitvity_SAFE/glacier_outs/prior/RGI60-06.00377/644_output.csv
Output missing for index 644
/home/users/chancock/OGGM_repo/oggm/oggm/sandbox/sensitvity_SAFE/glacier_outs/prior/RGI60-06.00377/646_output.csv
Output missing for index 646
/home/users/chancock/OGGM_repo/oggm/oggm/sandbox/sensitvity_SAFE/glacier_outs/prior/RGI60-06.00377/648_output.csv
Output missing for index 648
/home/users/chancock/OGGM_repo/oggm/oggm/sandbox/sensitvity_SAFE/glacier_outs/prior/RGI60-06.00377/649_output.csv
Output missing for index 649
/home/users/chancock/OGGM_repo/oggm/oggm/sandbox/sensitvity_SAFE/glacier_outs/prior/RGI60-06.00377/653_output.csv
Output missing for index 653
/home/users/chancock/OGGM_repo/oggm/oggm/sandbox/sensitvity_SAFE/glacier_outs/prior/RGI60-06.00377/654_output.csv
Output missing for index 654
/home/users/chancock/OGGM_repo/oggm/oggm/sandbox/sensitvity_SAFE/glacier_outs/prior/RGI60-06.00377/655_output.csv
Output missing for index 655
/home/users/chancock/OGGM_repo/oggm/oggm/sandbox/sensitvity_SAFE/glacier_outs/prior/RGI60-06.00377/658_output.csv
Output missing for index 658
/home/users/chancock/OGGM_repo/oggm/oggm/sandbox/sensitvity_SAFE/glacier_outs/prior/RGI60-06.00377/663_output.csv
Output missing for index 663
/home/users/chancock/OGGM_repo/oggm/oggm/sandbox/sensitvity_SAFE/glacier_outs/prior/RGI60-06.00377/666_output.csv
Output missing for index 666
/home/users/chancock/OGGM_repo/oggm/oggm/sandbox/sensitvity_SAFE/glacier_outs/prior/RGI60-06.00377/669_output.csv
Output missing for index 669
/home/users/chancock/OGGM_repo/oggm/oggm/sandbox/sensitvity_SAFE/glacier_outs/prior/RGI60-06.00377/671_output.csv
Output missing for index 671
/home/users/chancock/OGGM_repo/oggm/oggm/sandbox/sensitvity_SAFE/glacier_outs/prior/RGI60-06.00377/674_output.csv
Output missing for index 674
/home/users/chancock/OGGM_repo/oggm/oggm/sandbox/sensitvity_SAFE/glacier_outs/prior/RGI60-06.00377/676_output.csv
Output missing for index 676
/home/users/chancock/OGGM_repo/oggm/oggm/sandbox/sensitvity_SAFE/glacier_outs/prior/RGI60-06.00377/678_output.csv
Output missing for index 678
/home/users/chancock/OGGM_repo/oggm/oggm/sandbox/sensitvity_SAFE/glacier_outs/prior/RGI60-06.00377/679_output.csv
Output missing for index 679
/home/users/chancock/OGGM_repo/oggm/oggm/sandbox/sensitvity_SAFE/glacier_outs/prior/RGI60-06.00377/680_output.csv
Output missing for index 680
/home/users/chancock/OGGM_repo/oggm/oggm/sandbox/sensitvity_SAFE/glacier_outs/prior/RGI60-06.00377/685_output.csv
Output missing for index 685
/home/users/chancock/OGGM_repo/oggm/oggm/sandbox/sensitvity_SAFE/glacier_outs/prior/RGI60-06.00377/687_output.csv
Output missing for index 687
/home/users/chancock/OGGM_repo/oggm/oggm/sandbox/sensitvity_SAFE/glacier_outs/prior/RGI60-06.00377/689_output.csv
Output missing for index 689
/home/users/chancock/OGGM_repo/oggm/oggm/sandbox/sensitvity_SAFE/glacier_outs/prior/RGI60-06.00377/690_output.csv
Output missing for index 690
/home/users/chancock/OGGM_repo/oggm/oggm/sandbox/sensitvity_SAFE/glacier_outs/prior/RGI60-06.00377/691_output.csv
Output missing for index 691
/home/users/chancock/OGGM_repo/oggm/oggm/sandbox/sensitvity_SAFE/glacier_outs/prior/RGI60-06.00377/692_output.csv
Output missing for index 692
/home/users/chancock/OGGM_repo/oggm/oggm/sandbox/sensitvity_SAFE/glacier_outs/prior/RGI60-06.00377/694_output.csv
Output missing for index 694
/home/users/chancock/OGGM_repo/oggm/oggm/sandbox/sensitvity_SAFE/glacier_outs/prior/RGI60-06.00377/695_output.csv
Output missing for index 695
/home/users/chancock/OGGM_repo/oggm/oggm/sandbox/sensitvity_SAFE/glacier_outs/prior/RGI60-06.00377/698_output.csv
Output missing for index 698
/home/users/chancock/OGGM_repo/oggm/oggm/sandbox/sensitvity_SAFE/glacier_outs/prior/RGI60-06.00377/700_output.csv
Output missing for index 700
/home/users/chancock/OGGM_repo/oggm/oggm/sandbox/sensitvity_SAFE/glacier_outs/prior/RGI60-06.00377/701_output.csv
Output missing for index 701
/home/users/chancock/OGGM_repo/oggm/oggm/sandbox/sensitvity_SAFE/glacier_outs/prior/RGI60-06.00377/702_output.csv
Output missing for index 702
/home/users/chancock/OGGM_repo/oggm/oggm/sandbox/sensitvity_SAFE/glacier_outs/prior/RGI60-06.00377/703_output.csv
Output missing for index 703
/home/users/chancock/OGGM_repo/oggm/oggm/sandbox/sensitvity_SAFE/glacier_outs/prior/RGI60-06.00377/706_output.csv
Output missing for index 706
/home/users/chancock/OGGM_repo/oggm/oggm/sandbox/sensitvity_SAFE/glacier_outs/prior/RGI60-06.00377/709_output.csv
Output missing for index 709
/home/users/chancock/OGGM_repo/oggm/oggm/sandbox/sensitvity_SAFE/glacier_outs/prior/RGI60-06.00377/710_output.csv
Output missing for index 710
/home/users/chancock/OGGM_repo/oggm/oggm/sandbox/sensitvity_SAFE/glacier_outs/prior/RGI60-06.00377/713_output.csv
Output missing for index 713
/home/users/chancock/OGGM_repo/oggm/oggm/sandbox/sensitvity_SAFE/glacier_outs/prior/RGI60-06.00377/714_output.csv
Output missing for index 714
/home/users/chancock/OGGM_repo/oggm/oggm/sandbox/sensitvity_SAFE/glacier_outs/prior/RGI60-06.00377/715_output.csv
Output missing for index 715
/home/users/chancock/OGGM_repo/oggm/oggm/sandbox/sensitvity_SAFE/glacier_outs/prior/RGI60-06.00377/717_output.csv
Output missing for index 717
/home/users/chancock/OGGM_repo/oggm/oggm/sandbox/sensitvity_SAFE/glacier_outs/prior/RGI60-06.00377/720_output.csv
Output missing for index 720
/home/users/chancock/OGGM_repo/oggm/oggm/sandbox/sensitvity_SAFE/glacier_outs/prior/RGI60-06.00377/722_output.csv
Output missing for index 722
/home/users/chancock/OGGM_repo/oggm/oggm/sandbox/sensitvity_SAFE/glacier_outs/prior/RGI60-06.00377/727_output.csv
Output missing for index 727
/home/users/chancock/OGGM_repo/oggm/oggm/sandbox/sensitvity_SAFE/glacier_outs/prior/RGI60-06.00377/728_output.csv
Output missing for index 728
/home/users/chancock/OGGM_repo/oggm/oggm/sandbox/sensitvity_SAFE/glacier_outs/prior/RGI60-06.00377/730_output.csv
Output missing for index 730
/home/users/chancock/OGGM_repo/oggm/oggm/sandbox/sensitvity_SAFE/glacier_outs/prior/RGI60-06.00377/734_output.csv
Output missing for index 734
/home/users/chancock/OGGM_repo/oggm/oggm/sandbox/sensitvity_SAFE/glacier_outs/prior/RGI60-06.00377/738_output.csv
Output missing for index 738
/home/users/chancock/OGGM_repo/oggm/oggm/sandbox/sensitvity_SAFE/glacier_outs/prior/RGI60-06.00377/745_output.csv
Output missing for index 745
/home/users/chancock/OGGM_repo/oggm/oggm/sandbox/sensitvity_SAFE/glacier_outs/prior/RGI60-06.00377/748_output.csv
Output missing for index 748
/home/users/chancock/OGGM_repo/oggm/oggm/sandbox/sensitvity_SAFE/glacier_outs/prior/RGI60-06.00377/749_output.csv
Output missing for index 749
/home/users/chancock/OGGM_repo/oggm/oggm/sandbox/sensitvity_SAFE/glacier_outs/prior/RGI60-06.00377/750_output.csv
Output missing for index 750
/home/users/chancock/OGGM_repo/oggm/oggm/sandbox/sensitvity_SAFE/glacier_outs/prior/RGI60-06.00377/752_output.csv
Output missing for index 752
/home/users/chancock/OGGM_repo/oggm/oggm/sandbox/sensitvity_SAFE/glacier_outs/prior/RGI60-06.00377/753_output.csv
Output missing for index 753
/home/users/chancock/OGGM_repo/oggm/oggm/sandbox/sensitvity_SAFE/glacier_outs/prior/RGI60-06.00377/754_output.csv
Output missing for index 754
/home/users/chancock/OGGM_repo/oggm/oggm/sandbox/sensitvity_SAFE/glacier_outs/prior/RGI60-06.00377/759_output.csv
Output missing for index 759
/home/users/chancock/OGGM_repo/oggm/oggm/sandbox/sensitvity_SAFE/glacier_outs/prior/RGI60-06.00377/761_output.csv
Output missing for index 761
/home/users/chancock/OGGM_repo/oggm/oggm/sandbox/sensitvity_SAFE/glacier_outs/prior/RGI60-06.00377/763_output.csv
Output missing for index 763
/home/users/chancock/OGGM_repo/oggm/oggm/sandbox/sensitvity_SAFE/glacier_outs/prior/RGI60-06.00377/766_output.csv
Output missing for index 766
/home/users/chancock/OGGM_repo/oggm/oggm/sandbox/sensitvity_SAFE/glacier_outs/prior/RGI60-06.00377/767_output.csv
Output missing for index 767
/home/users/chancock/OGGM_repo/oggm/oggm/sandbox/sensitvity_SAFE/glacier_outs/prior/RGI60-06.00377/768_output.csv
Output missing for index 768
/home/users/chancock/OGGM_repo/oggm/oggm/sandbox/sensitvity_SAFE/glacier_outs/prior/RGI60-06.00377/769_output.csv
Output missing for index 769
/home/users/chancock/OGGM_repo/oggm/oggm/sandbox/sensitvity_SAFE/glacier_outs/prior/RGI60-06.00377/774_output.csv
Output missing for index 774
/home/users/chancock/OGGM_repo/oggm/oggm/sandbox/sensitvity_SAFE/glacier_outs/prior/RGI60-06.00377/781_output.csv
Output missing for index 781
/home/users/chancock/OGGM_repo/oggm/oggm/sandbox/sensitvity_SAFE/glacier_outs/prior/RGI60-06.00377/782_output.csv
Output missing for index 782
/home/users/chancock/OGGM_repo/oggm/oggm/sandbox/sensitvity_SAFE/glacier_outs/prior/RGI60-06.00377/783_output.csv
Output missing for index 783
/home/users/chancock/OGGM_repo/oggm/oggm/sandbox/sensitvity_SAFE/glacier_outs/prior/RGI60-06.00377/785_output.csv
Output missing for index 785
/home/users/chancock/OGGM_repo/oggm/oggm/sandbox/sensitvity_SAFE/glacier_outs/prior/RGI60-06.00377/789_output.csv
Output missing for index 789
/home/users/chancock/OGGM_repo/oggm/oggm/sandbox/sensitvity_SAFE/glacier_outs/prior/RGI60-06.00377/790_output.csv
Output missing for index 790
/home/users/chancock/OGGM_repo/oggm/oggm/sandbox/sensitvity_SAFE/glacier_outs/prior/RGI60-06.00377/793_output.csv
Output missing for index 793
/home/users/chancock/OGGM_repo/oggm/oggm/sandbox/sensitvity_SAFE/glacier_outs/prior/RGI60-06.00377/794_output.csv
Output missing for index 794
/home/users/chancock/OGGM_repo/oggm/oggm/sandbox/sensitvity_SAFE/glacier_outs/prior/RGI60-06.00377/795_output.csv
Output missing for index 795
/home/users/chancock/OGGM_repo/oggm/oggm/sandbox/sensitvity_SAFE/glacier_outs/prior/RGI60-06.00377/796_output.csv
Output missing for index 796
/home/users/chancock/OGGM_repo/oggm/oggm/sandbox/sensitvity_SAFE/glacier_outs/prior/RGI60-06.00377/797_output.csv
Output missing for index 797
/home/users/chancock/OGGM_repo/oggm/oggm/sandbox/sensitvity_SAFE/glacier_outs/prior/RGI60-06.00377/801_output.csv
Output missing for index 801
/home/users/chancock/OGGM_repo/oggm/oggm/sandbox/sensitvity_SAFE/glacier_outs/prior/RGI60-06.00377/803_output.csv
Output missing for index 803
/home/users/chancock/OGGM_repo/oggm/oggm/sandbox/sensitvity_SAFE/glacier_outs/prior/RGI60-06.00377/804_output.csv
Output missing for index 804
/home/users/chancock/OGGM_repo/oggm/oggm/sandbox/sensitvity_SAFE/glacier_outs/prior/RGI60-06.00377/805_output.csv
Output missing for index 805
/home/users/chancock/OGGM_repo/oggm/oggm/sandbox/sensitvity_SAFE/glacier_outs/prior/RGI60-06.00377/810_output.csv
Output missing for index 810
/home/users/chancock/OGGM_repo/oggm/oggm/sandbox/sensitvity_SAFE/glacier_outs/prior/RGI60-06.00377/811_output.csv
Output missing for index 811
/home/users/chancock/OGGM_repo/oggm/oggm/sandbox/sensitvity_SAFE/glacier_outs/prior/RGI60-06.00377/812_output.csv
Output missing for index 812
/home/users/chancock/OGGM_repo/oggm/oggm/sandbox/sensitvity_SAFE/glacier_outs/prior/RGI60-06.00377/813_output.csv
Output missing for index 813
/home/users/chancock/OGGM_repo/oggm/oggm/sandbox/sensitvity_SAFE/glacier_outs/prior/RGI60-06.00377/816_output.csv
Output missing for index 816
/home/users/chancock/OGGM_repo/oggm/oggm/sandbox/sensitvity_SAFE/glacier_outs/prior/RGI60-06.00377/817_output.csv
Output missing for index 817
/home/users/chancock/OGGM_repo/oggm/oggm/sandbox/sensitvity_SAFE/glacier_outs/prior/RGI60-06.00377/820_output.csv
Output missing for index 820
/home/users/chancock/OGGM_repo/oggm/oggm/sandbox/sensitvity_SAFE/glacier_outs/prior/RGI60-06.00377/821_output.csv
Output missing for index 821
/home/users/chancock/OGGM_repo/oggm/oggm/sandbox/sensitvity_SAFE/glacier_outs/prior/RGI60-06.00377/822_output.csv
Output missing for index 822
/home/users/chancock/OGGM_repo/oggm/oggm/sandbox/sensitvity_SAFE/glacier_outs/prior/RGI60-06.00377/823_output.csv
Output missing for index 823
/home/users/chancock/OGGM_repo/oggm/oggm/sandbox/sensitvity_SAFE/glacier_outs/prior/RGI60-06.00377/826_output.csv
Output missing for index 826
/home/users/chancock/OGGM_repo/oggm/oggm/sandbox/sensitvity_SAFE/glacier_outs/prior/RGI60-06.00377/828_output.csv
Output missing for index 828
/home/users/chancock/OGGM_repo/oggm/oggm/sandbox/sensitvity_SAFE/glacier_outs/prior/RGI60-06.00377/829_output.csv
Output missing for index 829
/home/users/chancock/OGGM_repo/oggm/oggm/sandbox/sensitvity_SAFE/glacier_outs/prior/RGI60-06.00377/836_output.csv
Output missing for index 836
/home/users/chancock/OGGM_repo/oggm/oggm/sandbox/sensitvity_SAFE/glacier_outs/prior/RGI60-06.00377/844_output.csv
Output missing for index 844
/home/users/chancock/OGGM_repo/oggm/oggm/sandbox/sensitvity_SAFE/glacier_outs/prior/RGI60-06.00377/845_output.csv
Output missing for index 845
/home/users/chancock/OGGM_repo/oggm/oggm/sandbox/sensitvity_SAFE/glacier_outs/prior/RGI60-06.00377/848_output.csv
Output missing for index 848
/home/users/chancock/OGGM_repo/oggm/oggm/sandbox/sensitvity_SAFE/glacier_outs/prior/RGI60-06.00377/851_output.csv
Output missing for index 851
/home/users/chancock/OGGM_repo/oggm/oggm/sandbox/sensitvity_SAFE/glacier_outs/prior/RGI60-06.00377/853_output.csv
Output missing for index 853
/home/users/chancock/OGGM_repo/oggm/oggm/sandbox/sensitvity_SAFE/glacier_outs/prior/RGI60-06.00377/856_output.csv
Output missing for index 856
/home/users/chancock/OGGM_repo/oggm/oggm/sandbox/sensitvity_SAFE/glacier_outs/prior/RGI60-06.00377/859_output.csv
Output missing for index 859
/home/users/chancock/OGGM_repo/oggm/oggm/sandbox/sensitvity_SAFE/glacier_outs/prior/RGI60-06.00377/860_output.csv
Output missing for index 860
/home/users/chancock/OGGM_repo/oggm/oggm/sandbox/sensitvity_SAFE/glacier_outs/prior/RGI60-06.00377/862_output.csv
Output missing for index 862
/home/users/chancock/OGGM_repo/oggm/oggm/sandbox/sensitvity_SAFE/glacier_outs/prior/RGI60-06.00377/863_output.csv
Output missing for index 863
/home/users/chancock/OGGM_repo/oggm/oggm/sandbox/sensitvity_SAFE/glacier_outs/prior/RGI60-06.00377/866_output.csv
Output missing for index 866
/home/users/chancock/OGGM_repo/oggm/oggm/sandbox/sensitvity_SAFE/glacier_outs/prior/RGI60-06.00377/867_output.csv
Output missing for index 867
/home/users/chancock/OGGM_repo/oggm/oggm/sandbox/sensitvity_SAFE/glacier_outs/prior/RGI60-06.00377/871_output.csv
Output missing for index 871
/home/users/chancock/OGGM_repo/oggm/oggm/sandbox/sensitvity_SAFE/glacier_outs/prior/RGI60-06.00377/872_output.csv
Output missing for index 872
/home/users/chancock/OGGM_repo/oggm/oggm/sandbox/sensitvity_SAFE/glacier_outs/prior/RGI60-06.00377/877_output.csv
Output missing for index 877
/home/users/chancock/OGGM_repo/oggm/oggm/sandbox/sensitvity_SAFE/glacier_outs/prior/RGI60-06.00377/879_output.csv
Output missing for index 879
/home/users/chancock/OGGM_repo/oggm/oggm/sandbox/sensitvity_SAFE/glacier_outs/prior/RGI60-06.00377/884_output.csv
Output missing for index 884
/home/users/chancock/OGGM_repo/oggm/oggm/sandbox/sensitvity_SAFE/glacier_outs/prior/RGI60-06.00377/885_output.csv
Output missing for index 885
/home/users/chancock/OGGM_repo/oggm/oggm/sandbox/sensitvity_SAFE/glacier_outs/prior/RGI60-06.00377/886_output.csv
Output missing for index 886
/home/users/chancock/OGGM_repo/oggm/oggm/sandbox/sensitvity_SAFE/glacier_outs/prior/RGI60-06.00377/887_output.csv
Output missing for index 887
/home/users/chancock/OGGM_repo/oggm/oggm/sandbox/sensitvity_SAFE/glacier_outs/prior/RGI60-06.00377/890_output.csv
Output missing for index 890
/home/users/chancock/OGGM_repo/oggm/oggm/sandbox/sensitvity_SAFE/glacier_outs/prior/RGI60-06.00377/891_output.csv
Output missing for index 891
/home/users/chancock/OGGM_repo/oggm/oggm/sandbox/sensitvity_SAFE/glacier_outs/prior/RGI60-06.00377/892_output.csv
Output missing for index 892
/home/users/chancock/OGGM_repo/oggm/oggm/sandbox/sensitvity_SAFE/glacier_outs/prior/RGI60-06.00377/895_output.csv
Output missing for index 895
/home/users/chancock/OGGM_repo/oggm/oggm/sandbox/sensitvity_SAFE/glacier_outs/prior/RGI60-06.00377/896_output.csv
Output missing for index 896
/home/users/chancock/OGGM_repo/oggm/oggm/sandbox/sensitvity_SAFE/glacier_outs/prior/RGI60-06.00377/897_output.csv
Output missing for index 897
/home/users/chancock/OGGM_repo/oggm/oggm/sandbox/sensitvity_SAFE/glacier_outs/prior/RGI60-06.00377/901_output.csv
Output missing for index 901
/home/users/chancock/OGGM_repo/oggm/oggm/sandbox/sensitvity_SAFE/glacier_outs/prior/RGI60-06.00377/905_output.csv
Output missing for index 905
/home/users/chancock/OGGM_repo/oggm/oggm/sandbox/sensitvity_SAFE/glacier_outs/prior/RGI60-06.00377/908_output.csv
Output missing for index 908
/home/users/chancock/OGGM_repo/oggm/oggm/sandbox/sensitvity_SAFE/glacier_outs/prior/RGI60-06.00377/909_output.csv
Output missing for index 909
/home/users/chancock/OGGM_repo/oggm/oggm/sandbox/sensitvity_SAFE/glacier_outs/prior/RGI60-06.00377/911_output.csv
Output missing for index 911
/home/users/chancock/OGGM_repo/oggm/oggm/sandbox/sensitvity_SAFE/glacier_outs/prior/RGI60-06.00377/915_output.csv
Output missing for index 915
/home/users/chancock/OGGM_repo/oggm/oggm/sandbox/sensitvity_SAFE/glacier_outs/prior/RGI60-06.00377/916_output.csv
Output missing for index 916
/home/users/chancock/OGGM_repo/oggm/oggm/sandbox/sensitvity_SAFE/glacier_outs/prior/RGI60-06.00377/918_output.csv
Output missing for index 918
/home/users/chancock/OGGM_repo/oggm/oggm/sandbox/sensitvity_SAFE/glacier_outs/prior/RGI60-06.00377/920_output.csv
Output missing for index 920
/home/users/chancock/OGGM_repo/oggm/oggm/sandbox/sensitvity_SAFE/glacier_outs/prior/RGI60-06.00377/924_output.csv
Output missing for index 924
/home/users/chancock/OGGM_repo/oggm/oggm/sandbox/sensitvity_SAFE/glacier_outs/prior/RGI60-06.00377/926_output.csv
Output missing for index 926
/home/users/chancock/OGGM_repo/oggm/oggm/sandbox/sensitvity_SAFE/glacier_outs/prior/RGI60-06.00377/931_output.csv
Output missing for index 931
/home/users/chancock/OGGM_repo/oggm/oggm/sandbox/sensitvity_SAFE/glacier_outs/prior/RGI60-06.00377/932_output.csv
Output missing for index 932
/home/users/chancock/OGGM_repo/oggm/oggm/sandbox/sensitvity_SAFE/glacier_outs/prior/RGI60-06.00377/933_output.csv
Output missing for index 933
/home/users/chancock/OGGM_repo/oggm/oggm/sandbox/sensitvity_SAFE/glacier_outs/prior/RGI60-06.00377/936_output.csv
Output missing for index 936
/home/users/chancock/OGGM_repo/oggm/oggm/sandbox/sensitvity_SAFE/glacier_outs/prior/RGI60-06.00377/939_output.csv
Output missing for index 939
/home/users/chancock/OGGM_repo/oggm/oggm/sandbox/sensitvity_SAFE/glacier_outs/prior/RGI60-06.00377/943_output.csv
Output missing for index 943
/home/users/chancock/OGGM_repo/oggm/oggm/sandbox/sensitvity_SAFE/glacier_outs/prior/RGI60-06.00377/944_output.csv
Output missing for index 944
/home/users/chancock/OGGM_repo/oggm/oggm/sandbox/sensitvity_SAFE/glacier_outs/prior/RGI60-06.00377/952_output.csv
Output missing for index 952
/home/users/chancock/OGGM_repo/oggm/oggm/sandbox/sensitvity_SAFE/glacier_outs/prior/RGI60-06.00377/957_output.csv
Output missing for index 957
/home/users/chancock/OGGM_repo/oggm/oggm/sandbox/sensitvity_SAFE/glacier_outs/prior/RGI60-06.00377/959_output.csv
Output missing for index 959
/home/users/chancock/OGGM_repo/oggm/oggm/sandbox/sensitvity_SAFE/glacier_outs/prior/RGI60-06.00377/961_output.csv
Output missing for index 961
/home/users/chancock/OGGM_repo/oggm/oggm/sandbox/sensitvity_SAFE/glacier_outs/prior/RGI60-06.00377/963_output.csv
Output missing for index 963
/home/users/chancock/OGGM_repo/oggm/oggm/sandbox/sensitvity_SAFE/glacier_outs/prior/RGI60-06.00377/964_output.csv
Output missing for index 964
/home/users/chancock/OGGM_repo/oggm/oggm/sandbox/sensitvity_SAFE/glacier_outs/prior/RGI60-06.00377/965_output.csv
Output missing for index 965
/home/users/chancock/OGGM_repo/oggm/oggm/sandbox/sensitvity_SAFE/glacier_outs/prior/RGI60-06.00377/966_output.csv
Output missing for index 966
/home/users/chancock/OGGM_repo/oggm/oggm/sandbox/sensitvity_SAFE/glacier_outs/prior/RGI60-06.00377/968_output.csv
Output missing for index 968
/home/users/chancock/OGGM_repo/oggm/oggm/sandbox/sensitvity_SAFE/glacier_outs/prior/RGI60-06.00377/972_output.csv
Output missing for index 972
/home/users/chancock/OGGM_repo/oggm/oggm/sandbox/sensitvity_SAFE/glacier_outs/prior/RGI60-06.00377/975_output.csv
Output missing for index 975
/home/users/chancock/OGGM_repo/oggm/oggm/sandbox/sensitvity_SAFE/glacier_outs/prior/RGI60-06.00377/976_output.csv
Output missing for index 976
/home/users/chancock/OGGM_repo/oggm/oggm/sandbox/sensitvity_SAFE/glacier_outs/prior/RGI60-06.00377/978_output.csv
Output missing for index 978
/home/users/chancock/OGGM_repo/oggm/oggm/sandbox/sensitvity_SAFE/glacier_outs/prior/RGI60-06.00377/981_output.csv
Output missing for index 981
/home/users/chancock/OGGM_repo/oggm/oggm/sandbox/sensitvity_SAFE/glacier_outs/prior/RGI60-06.00377/983_output.csv
Output missing for index 983
/home/users/chancock/OGGM_repo/oggm/oggm/sandbox/sensitvity_SAFE/glacier_outs/prior/RGI60-06.00377/986_output.csv
Output missing for index 986
/home/users/chancock/OGGM_repo/oggm/oggm/sandbox/sensitvity_SAFE/glacier_outs/prior/RGI60-06.00377/987_output.csv
Output missing for index 987
/home/users/chancock/OGGM_repo/oggm/oggm/sandbox/sensitvity_SAFE/glacier_outs/prior/RGI60-06.00377/989_output.csv
Output missing for index 989
/home/users/chancock/OGGM_repo/oggm/oggm/sandbox/sensitvity_SAFE/glacier_outs/prior/RGI60-06.00377/991_output.csv
Output missing for index 991
/home/users/chancock/OGGM_repo/oggm/oggm/sandbox/sensitvity_SAFE/glacier_outs/prior/RGI60-06.00377/993_output.csv
Output missing for index 993
/home/users/chancock/OGGM_repo/oggm/oggm/sandbox/sensitvity_SAFE/glacier_outs/prior/RGI60-06.00377/994_output.csv
Output missing for index 994
/home/users/chancock/OGGM_repo/oggm/oggm/sandbox/sensitvity_SAFE/glacier_outs/prior/RGI60-06.00377/998_output.csv
Output missing for index 998
/home/users/chancock/OGGM_repo/oggm/oggm/sandbox/sensitvity_SAFE/glacier_outs/prior/RGI60-06.00377/999_output.csv
Output missing for index 999
257 257
vol 23
vol 23
vol 23
vol 23
vol 23
vol 23
vol 23
vol 23
vol 23
vol 23
vol 23
vol 23
vol 23
vol 23
vol 23
vol 23
vol 23
vol 23
vol 23
vol 23
vol 23
vol 23
vol 23
vol 23
vol 23
vol 23
vol 23
vol 23
vol 23
vol 23
vol 23
vol 23
vol 23
vol 23
vol 23
vol 23
vol 23
vol 23
vol 23
vol 23
vol 23
vol 23
vol 23
vol 23
vol 23
vol 23
vol 23
vol 23
vol 23
vol 23
vol 23
vol 23
vol 23
vol 23
vol 23
vol 23
vol 23
vol 23
vol 23
vol 23
vol 23
vol 23
vol 23
vol 23
vol 23
vol 23
vol 23
vol 23
vol 23
vol 23
vol 23
vol 23
vol 23
vol 23
vol 23
vol 23
vol 23
vol 23
vol 23
vol 23
vol 23
vol 23
vol 23
vol 23
vol 23
vol 23
vol 23
vol 23
vol 23
vol 23
vol 23
vol 23
vol 23
vol 23
vol 23
vol 23
vol 23
vol 23
vol 23
vol 23
vol 23
vol 23
vol 23
vol 23
vol 23
vol 23
vol 23
vol 23
vol 23
vol 23
vol 23
vol 23
vol 23
vol 23
vol 23
vol 23
vol 23
vol 23
vol 23
vol 23
vol 23
vol 23
vol 23
vol 23
vol 23
vol 23
vol 23
vol 23
vol 23
vol 23
vol 23
vol 23
vol 23
vol 23
vol 23
vol 23
vol 23
vol 23
vol 23
vol 23
vol 23
vol 23
vol 23
vol 23
vol 23
vol 23
vol 23
vol 23
vol 23
vol 23
vol 23
vol 23
vol 23
vol 23
vol 23
vol 23
vol 23
vol 23
vol 23
vol 23
vol 23
vol 23
vol 23
vol 23
vol 23
vol 23
vol 23
vol 23
vol 23
vol 23
vol 23
vol 23
vol 23
vol 23
vol 23
vol 23
vol 23
vol 23
vol 23
vol 23
vol 23
vol 23
vol 23
vol 23
vol 23
vol 23
vol 23
vol 23
vol 23
vol 23
vol 23
vol 23
vol 23
vol 23
vol 23
vol 23
vol 23
vol 23
vol 23
vol 23
vol 23
vol 23
vol 23
vol 23
vol 23
vol 23
vol 23
vol 23
vol 23
vol 23
vol 23
vol 23
vol 23
vol 23
vol 23
vol 23
vol 23
vol 23
vol 23
vol 23
vol 23
vol 23
vol 23
vol 23
vol 23
vol 23
vol 23
vol 23
vol 23
vol 23
vol 23
vol 23
vol 23
vol 23
vol 23
vol 23
vol 23
vol 23
vol 23
vol 23
vol 23
vol 23
vol 23
vol 23
vol 23
vol 23
vol 23
vol 23
vol 23
vol 23
vol 23
vol 23
vol 23
vol 23
vol 23
vol 23
vol 23
Saved sensitivity plots to /home/users/chancock/OGGM_repo/oggm/oggm/sandbox/sensitvity_SAFE/glacier_outs/prior/RGI60-06.00377/PAWN_plots.png
After area bounding: 56/257
After Hugonnet bounding: 8/257
After ALL bounding: 0/257
No new bounds could be calculated for glacier, likely because no samples satisfied the bounding criteria.
Finished processing RGI60-06.00377 at Mon Jul  6 05:44:26 PM CEST 2026
Job completed at Mon Jul  6 05:44:26 PM CEST 2026
